Archive member included to satisfy reference by file (symbol)

C:/ST/STM32CubeIDE_1.14.0/STM32CubeIDE/plugins/com.st.stm32cube.ide.mcu.externaltools.gnu-tools-for-stm32.11.3.rel1.win32_1.1.100.202309141235/tools/bin/../lib/gcc/arm-none-eabi/11.3.1/../../../../arm-none-eabi/lib/thumb/v7-m/nofp\libc_nano.a(libc_a-exit.o)
                              C:/ST/STM32CubeIDE_1.14.0/STM32CubeIDE/plugins/com.st.stm32cube.ide.mcu.externaltools.gnu-tools-for-stm32.11.3.rel1.win32_1.1.100.202309141235/tools/bin/../lib/gcc/arm-none-eabi/11.3.1/../../../../arm-none-eabi/lib/thumb/v7-m/nofp/crt0.o (exit)
C:/ST/STM32CubeIDE_1.14.0/STM32CubeIDE/plugins/com.st.stm32cube.ide.mcu.externaltools.gnu-tools-for-stm32.11.3.rel1.win32_1.1.100.202309141235/tools/bin/../lib/gcc/arm-none-eabi/11.3.1/../../../../arm-none-eabi/lib/thumb/v7-m/nofp\libc_nano.a(libc_a-malloc.o)
                              ./Core/Src/main.o (malloc)
C:/ST/STM32CubeIDE_1.14.0/STM32CubeIDE/plugins/com.st.stm32cube.ide.mcu.externaltools.gnu-tools-for-stm32.11.3.rel1.win32_1.1.100.202309141235/tools/bin/../lib/gcc/arm-none-eabi/11.3.1/../../../../arm-none-eabi/lib/thumb/v7-m/nofp\libc_nano.a(libc_a-mallocr.o)
                              C:/ST/STM32CubeIDE_1.14.0/STM32CubeIDE/plugins/com.st.stm32cube.ide.mcu.externaltools.gnu-tools-for-stm32.11.3.rel1.win32_1.1.100.202309141235/tools/bin/../lib/gcc/arm-none-eabi/11.3.1/../../../../arm-none-eabi/lib/thumb/v7-m/nofp\libc_nano.a(libc_a-malloc.o) (_malloc_r)
C:/ST/STM32CubeIDE_1.14.0/STM32CubeIDE/plugins/com.st.stm32cube.ide.mcu.externaltools.gnu-tools-for-stm32.11.3.rel1.win32_1.1.100.202309141235/tools/bin/../lib/gcc/arm-none-eabi/11.3.1/../../../../arm-none-eabi/lib/thumb/v7-m/nofp\libc_nano.a(libc_a-mlock.o)
                              C:/ST/STM32CubeIDE_1.14.0/STM32CubeIDE/plugins/com.st.stm32cube.ide.mcu.externaltools.gnu-tools-for-stm32.11.3.rel1.win32_1.1.100.202309141235/tools/bin/../lib/gcc/arm-none-eabi/11.3.1/../../../../arm-none-eabi/lib/thumb/v7-m/nofp\libc_nano.a(libc_a-mallocr.o) (__malloc_lock)
C:/ST/STM32CubeIDE_1.14.0/STM32CubeIDE/plugins/com.st.stm32cube.ide.mcu.externaltools.gnu-tools-for-stm32.11.3.rel1.win32_1.1.100.202309141235/tools/bin/../lib/gcc/arm-none-eabi/11.3.1/../../../../arm-none-eabi/lib/thumb/v7-m/nofp\libc_nano.a(libc_a-findfp.o)
                              C:/ST/STM32CubeIDE_1.14.0/STM32CubeIDE/plugins/com.st.stm32cube.ide.mcu.externaltools.gnu-tools-for-stm32.11.3.rel1.win32_1.1.100.202309141235/tools/bin/../lib/gcc/arm-none-eabi/11.3.1/../../../../arm-none-eabi/lib/thumb/v7-m/nofp\libc_nano.a(libc_a-exit.o) (__stdio_exit_handler)
C:/ST/STM32CubeIDE_1.14.0/STM32CubeIDE/plugins/com.st.stm32cube.ide.mcu.externaltools.gnu-tools-for-stm32.11.3.rel1.win32_1.1.100.202309141235/tools/bin/../lib/gcc/arm-none-eabi/11.3.1/../../../../arm-none-eabi/lib/thumb/v7-m/nofp\libc_nano.a(libc_a-fwalk.o)
                              C:/ST/STM32CubeIDE_1.14.0/STM32CubeIDE/plugins/com.st.stm32cube.ide.mcu.externaltools.gnu-tools-for-stm32.11.3.rel1.win32_1.1.100.202309141235/tools/bin/../lib/gcc/arm-none-eabi/11.3.1/../../../../arm-none-eabi/lib/thumb/v7-m/nofp\libc_nano.a(libc_a-findfp.o) (_fwalk_sglue)
C:/ST/STM32CubeIDE_1.14.0/STM32CubeIDE/plugins/com.st.stm32cube.ide.mcu.externaltools.gnu-tools-for-stm32.11.3.rel1.win32_1.1.100.202309141235/tools/bin/../lib/gcc/arm-none-eabi/11.3.1/../../../../arm-none-eabi/lib/thumb/v7-m/nofp\libc_nano.a(libc_a-printf.o)
                              ./Core/Src/spi_handler.o (printf)
C:/ST/STM32CubeIDE_1.14.0/STM32CubeIDE/plugins/com.st.stm32cube.ide.mcu.externaltools.gnu-tools-for-stm32.11.3.rel1.win32_1.1.100.202309141235/tools/bin/../lib/gcc/arm-none-eabi/11.3.1/../../../../arm-none-eabi/lib/thumb/v7-m/nofp\libc_nano.a(libc_a-stdio.o)
                              C:/ST/STM32CubeIDE_1.14.0/STM32CubeIDE/plugins/com.st.stm32cube.ide.mcu.externaltools.gnu-tools-for-stm32.11.3.rel1.win32_1.1.100.202309141235/tools/bin/../lib/gcc/arm-none-eabi/11.3.1/../../../../arm-none-eabi/lib/thumb/v7-m/nofp\libc_nano.a(libc_a-findfp.o) (__sread)
C:/ST/STM32CubeIDE_1.14.0/STM32CubeIDE/plugins/com.st.stm32cube.ide.mcu.externaltools.gnu-tools-for-stm32.11.3.rel1.win32_1.1.100.202309141235/tools/bin/../lib/gcc/arm-none-eabi/11.3.1/../../../../arm-none-eabi/lib/thumb/v7-m/nofp\libc_nano.a(libc_a-memset.o)
                              C:/ST/STM32CubeIDE_1.14.0/STM32CubeIDE/plugins/com.st.stm32cube.ide.mcu.externaltools.gnu-tools-for-stm32.11.3.rel1.win32_1.1.100.202309141235/tools/bin/../lib/gcc/arm-none-eabi/11.3.1/../../../../arm-none-eabi/lib/thumb/v7-m/nofp/crt0.o (memset)
C:/ST/STM32CubeIDE_1.14.0/STM32CubeIDE/plugins/com.st.stm32cube.ide.mcu.externaltools.gnu-tools-for-stm32.11.3.rel1.win32_1.1.100.202309141235/tools/bin/../lib/gcc/arm-none-eabi/11.3.1/../../../../arm-none-eabi/lib/thumb/v7-m/nofp\libc_nano.a(libc_a-closer.o)
[...]
Memory Configuration

Name             Origin             Length             Attributes
RAM              0x0000000020000000 0x0000000000010000 xrw
FLASH            0x0000000008000000 0x0000000000080000 xr
*default*        0x0000000000000000 0xffffffffffffffff

Linker script and memory map

LOAD C:/ST/STM32CubeIDE_1.14.0/STM32CubeIDE/plugins/com.st.stm32cube.ide.mcu.externaltools.gnu-tools-for-stm32.11.3.rel1.win32_1.1.100.202309141235/tools/bin/../lib/gcc/arm-none-eabi/11.3.1/thumb/v7-m/nofp/crti.o
LOAD C:/ST/STM32CubeIDE_1.14.0/STM32CubeIDE/plugins/com.st.stm32cube.ide.mcu.externaltools.gnu-tools-for-stm32.11.3.rel1.win32_1.1.100.202309141235/tools/bin/../lib/gcc/arm-none-eabi/11.3.1/thumb/v7-m/nofp/crtbegin.o
LOAD C:/ST/STM32CubeIDE_1.14.0/STM32CubeIDE/plugins/com.st.stm32cube.ide.mcu.externaltools.gnu-tools-for-stm32.11.3.rel1.win32_1.1.100.202309141235/tools/bin/../lib/gcc/arm-none-eabi/11.3.1/../../../../arm-none-eabi/lib/thumb/v7-m/nofp/crt0.o
LOAD ./Core/Src/dma.o
LOAD ./Core/Src/gpio.o
LOAD ./Core/Src/i2c.o
LOAD ./Core/Src/main.o
LOAD ./Core/Src/old.o
LOAD ./Core/Src/sensors.o
LOAD ./Core/Src/spi.o
LOAD ./Core/Src/spi_handler.o
LOAD ./Core/Src/stm32f1xx_hal_msp.o
LOAD ./Core/Src/stm32f1xx_it.o
LOAD ./Core/Src/syscalls.o
LOAD ./Core/Src/sysmem.o
LOAD ./Core/Src/system_stm32f1xx.o
LOAD ./Core/Src/tim.o
LOAD ./Core/Src/uart_bridge.o
LOAD ./Core/Src/usart.o
LOAD ./Core/Startup/startup_stm32f103retx.o
LOAD ./Drivers/STM32F1xx_HAL_Driver/Src/stm32f1xx_hal.o
LOAD ./Drivers/STM32F1xx_HAL_Driver/Src/stm32f1xx_hal_cortex.o
LOAD ./Drivers/STM32F1xx_HAL_Driver/Src/stm32f1xx_hal_dma.o
LOAD ./Drivers/STM32F1xx_HAL_Driver/Src/stm32f1xx_hal_exti.o
LOAD ./Drivers/STM32F1xx_HAL_Driver/Src/stm32f1xx_hal_flash.o
LOAD ./Drivers/STM32F1xx_HAL_Driver/Src/stm32f1xx_hal_flash_ex.o
LOAD ./Drivers/STM32F1xx_HAL_Driver/Src/stm32f1xx_hal_gpio.o
LOAD ./Drivers/STM32F1xx_HAL_Driver/Src/stm32f1xx_hal_gpio_ex.o
LOAD ./Drivers/STM32F1xx_HAL_Driver/Src/stm32f1xx_hal_i2c.o
LOAD ./Drivers/STM32F1xx_HAL_Driver/Src/stm32f1xx_hal_pwr.o
LOAD ./Drivers/STM32F1xx_HAL_Driver/Src/stm32f1xx_hal_rcc.o
LOAD ./Drivers/STM32F1xx_HAL_Driver/Src/stm32f1xx_hal_rcc_ex.o
LOAD ./Drivers/STM32F1xx_HAL_Driver/Src/stm32f1xx_hal_spi.o
LOAD ./Drivers/STM32F1xx_HAL_Driver/Src/stm32f1xx_hal_tim.o
LOAD ./Drivers/STM32F1xx_HAL_Driver/Src/stm32f1xx_hal_tim_ex.o
LOAD ./Drivers/STM32F1xx_HAL_Driver/Src/stm32f1xx_hal_uart.o
START GROUP
LOAD C:/ST/STM32CubeIDE_1.14.0/STM32CubeIDE/plugins/com.st.stm32cube.ide.mcu.externaltools.gnu-tools-for-stm32.11.3.rel1.win32_1.1.100.202309141235/tools/bin/../lib/gcc/arm-none-eabi/11.3.1/../../../../arm-none-eabi/lib/thumb/v7-m/nofp\libc_nano.a
LOAD C:/ST/STM32CubeIDE_1.14.0/STM32CubeIDE/plugins/com.st.stm32cube.ide.mcu.externaltools.gnu-tools-for-stm32.11.3.rel1.win32_1.1.100.202309141235/tools/bin/../lib/gcc/arm-none-eabi/11.3.1/../../../../arm-none-eabi/lib/thumb/v7-m/nofp\libm.a
END GROUP
START GROUP
LOAD C:/ST/STM32CubeIDE_1.14.0/STM32CubeIDE/plugins/com.st.stm32cube.ide.mcu.externaltools.gnu-tools-for-stm32.11.3.rel1.win32_1.1.100.202309141235/tools/bin/../lib/gcc/arm-none-eabi/11.3.1/thumb/v7-m/nofp\libgcc.a
LOAD C:/ST/STM32CubeIDE_1.14.0/STM32CubeIDE/plugins/com.st.stm32cube.ide.mcu.externaltools.gnu-tools-for-stm32.11.3.rel1.win32_1.1.100.202309141235/tools/bin/../lib/gcc/arm-none-eabi/11.3.1/../../../../arm-none-eabi/lib/thumb/v7-m/nofp\libc_nano.a
END GROUP
START GROUP
LOAD C:/ST/STM32CubeIDE_1.14.0/STM32CubeIDE/plugins/com.st.stm32cube.ide.mcu.externaltools.gnu-tools-for-stm32.11.3.rel1.win32_1.1.100.202309141235/tools/bin/../lib/gcc/arm-none-eabi/11.3.1/thumb/v7-m/nofp\libgcc.a
LOAD C:/ST/STM32CubeIDE_1.14.0/STM32CubeIDE/plugins/com.st.stm32cube.ide.mcu.externaltools.gnu-tools-for-stm32.11.3.rel1.win32_1.1.100.202309141235/tools/bin/../lib/gcc/arm-none-eabi/11.3.1/../../../../arm-none-eabi/lib/thumb/v7-m/nofp\libc_nano.a
LOAD C:/ST/STM32CubeIDE_1.14.0/STM32CubeIDE/plugins/com.st.stm32cube.ide.mcu.externaltools.gnu-tools-for-stm32.11.3.rel1.win32_1.1.100.202309141235/tools/bin/../lib/gcc/arm-none-eabi/11.3.1/../../../../arm-none-eabi/lib/thumb/v7-m/nofp\libnosys.a
END GROUP
START GROUP
LOAD C:/ST/STM32CubeIDE_1.14.0/STM32CubeIDE/plugins/com.st.stm32cube.ide.mcu.externaltools.gnu-tools-for-stm32.11.3.rel1.win32_1.1.100.202309141235/tools/bin/../lib/gcc/arm-none-eabi/11.3.1/thumb/v7-m/nofp\libgcc.a
LOAD C:/ST/STM32CubeIDE_1.14.0/STM32CubeIDE/plugins/com.st.stm32cube.ide.mcu.externaltools.gnu-tools-for-stm32.11.3.rel1.win32_1.1.100.202309141235/tools/bin/../lib/gcc/arm-none-eabi/11.3.1/../../../../arm-none-eabi/lib/thumb/v7-m/nofp\libc_nano.a
LOAD C:/ST/STM32CubeIDE_1.14.0/STM32CubeIDE/plugins/com.st.stm32cube.ide.mcu.externaltools.gnu-tools-for-stm32.11.3.rel1.win32_1.1.100.202309141235/tools/bin/../lib/gcc/arm-none-eabi/11.3.1/../../../../arm-none-eabi/lib/thumb/v7-m/nofp\libnosys.a
END GROUP
LOAD C:/ST/STM32CubeIDE_1.14.0/STM32CubeIDE/plugins/com.st.stm32cube.ide.mcu.externaltools.gnu-tools-for-stm32.11.3.rel1.win32_1.1.100.202309141235/tools/bin/../lib/gcc/arm-none-eabi/11.3.1/thumb/v7-m/nofp/crtend.o
LOAD C:/ST/STM32CubeIDE_1.14.0/STM32CubeIDE/plugins/com.st.stm32cube.ide.mcu.externaltools.gnu-tools-for-stm32.11.3.rel1.win32_1.1.100.202309141235/tools/bin/../lib/gcc/arm-none-eabi/11.3.1/thumb/v7-m/nofp/crtn.o
                0x0000000020010000                _estack = (ORIGIN (RAM) + LENGTH (RAM))
                0x0000000000000200                _Min_Heap_Size = 0x200
                0x0000000000000400                _Min_Stack_Size = 0x400

.isr_vector     0x0000000008000000      0x1e4
                0x0000000008000000                . = ALIGN (0x4)
 *(.isr_vector)
 .isr_vector    0x0000000008000000      0x1e4 ./Core/Startup/startup_stm32f103retx.o
                0x0000000008000000                g_pfnVectors
                0x00000000080001e4                . = ALIGN (0x4)

.text           0x00000000080001e4     0x5874
                0x00000000080001e4                . = ALIGN (0x4)
 *(.text)
 .text          0x00000000080001e4       0x40 C:/ST/STM32CubeIDE_1.14.0/STM32CubeIDE/plugins/com.st.stm32cube.ide.mcu.externaltools.gnu-tools-for-stm32.11.3.rel1.win32_1.1.100.202309141235/tools/bin/../lib/gcc/arm-none-eabi/11.3.1/thumb/v7-m/nofp/crtbegin.o
 .text          0x0000000008000224      0x21c C:/ST/STM32CubeIDE_1.14.0/STM32CubeIDE/plugins/com.st.stm32cube.ide.mcu.externaltools.gnu-tools-for-stm32.11.3.rel1.win32_1.1.100.202309141235/tools/bin/../lib/gcc/arm-none-eabi/11.3.1/thumb/v7-m/nofp\libgcc.a(_arm_addsubsf3.o)
                0x0000000008000224                __aeabi_frsub
                0x000000000800022c                __subsf3
                0x000000000800022c                __aeabi_fsub
                0x0000000008000230                __aeabi_fadd
                0x0000000008000230                __addsf3
                0x0000000008000390                __aeabi_ui2f
                0x0000000008000390                __floatunsisf
                0x0000000008000398                __aeabi_i2f
                0x0000000008000398                __floatsisf
                0x00000000080003b4                __aeabi_ul2f
                0x00000000080003b4                __floatundisf
                0x00000000080003c4                __aeabi_l2f
                0x00000000080003c4                __floatdisf
 .text          0x0000000008000440      0x2a0 C:/ST/STM32CubeIDE_1.14.0/STM32CubeIDE/plugins/com.st.stm32cube.ide.mcu.externaltools.gnu-tools-for-stm32.11.3.rel1.win32_1.1.100.202309141235/tools/bin/../lib/gcc/arm-none-eabi/11.3.1/thumb/v7-m/nofp\libgcc.a(_arm_muldivsf3.o)
                0x0000000008000440                __mulsf3
                0x0000000008000440                __aeabi_fmul
                0x00000000080005a8                __aeabi_fdiv
                0x00000000080005a8                __divsf3
 *(.text*)
 .text.MX_DMA_Init
                0x00000000080006e0       0x4c ./Core/Src/dma.o
                0x00000000080006e0                MX_DMA_Init
 .text.MX_GPIO_Init
                0x000000000800072c      0x130 ./Core/Src/gpio.o
                0x000000000800072c                MX_GPIO_Init
 .text.MX_I2C1_Init
                0x000000000800085c       0x5c ./Core/Src/i2c.o
                0x000000000800085c                MX_I2C1_Init
 .text.HAL_I2C_MspInit
                0x00000000080008b8       0x7c ./Core/Src/i2c.o
                0x00000000080008b8                HAL_I2C_MspInit
 .text.main     0x0000000008000934      0x284 ./Core/Src/main.o
                0x0000000008000934                main
 .text.SystemClock_Config
                0x0000000008000bb8       0x8c ./Core/Src/main.o
                0x0000000008000bb8                SystemClock_Config
 .text.Error_Handler
                0x0000000008000c44        0xa ./Core/Src/main.o
                0x0000000008000c44                Error_Handler
 .text.writeToRegister
                0x0000000008000c4e       0x32 ./Core/Src/sensors.o
                0x0000000008000c4e                writeToRegister
 .text.sensor_init
                0x0000000008000c80      0x218 ./Core/Src/sensors.o
                0x0000000008000c80                sensor_init
 .text.sensor_power_on
                0x0000000008000e98       0x18 ./Core/Src/sensors.o
                0x0000000008000e98                sensor_power_on
 .text.deactivateSCLR
                0x0000000008000eb0       0x28 ./Core/Src/sensors.o
                0x0000000008000eb0                deactivateSCLR
 .text.calc_crc
                0x0000000008000ed8       0xa8 ./Core/Src/sensors.o
                0x0000000008000ed8                calc_crc
 .text.read_register
                0x0000000008000f80       0xfc ./Core/Src/sensors.o
                0x0000000008000f80                read_register
 .text.registersAreSet
                0x000000000800107c       0x44 ./Core/Src/sensors.o
                0x000000000800107c                registersAreSet
 .text.device_config
                0x00000000080010c0       0x44 ./Core/Src/sensors.o
                0x00000000080010c0                device_config
 .text.sensor_config
                0x0000000008001104       0x6c ./Core/Src/sensors.o
                0x0000000008001104                sensor_config
 .text.system_config
                0x0000000008001170       0x44 ./Core/Src/sensors.o
                0x0000000008001170                system_config
 .text.select_sensor
                0x00000000080011b4       0x44 ./Core/Src/sensors.o
                0x00000000080011b4                select_sensor
 .text.deselect_sensor
                0x00000000080011f8       0x30 ./Core/Src/sensors.o
                0x00000000080011f8                deselect_sensor
 .text.set_sh_reg_OE
                0x0000000008001228       0x24 ./Core/Src/sensors.o
                0x0000000008001228                set_sh_reg_OE
 .text.measuringLED
                0x000000000800124c       0x14 ./Core/Src/sensors.o
                0x000000000800124c                measuringLED
 .text.errorLED
                0x0000000008001260       0x1c ./Core/Src/sensors.o
                0x0000000008001260                errorLED
 .text.read_sensor_data
                0x000000000800127c      0x108 ./Core/Src/sensors.o
                0x000000000800127c                read_sensor_data
 .text.MX_SPI1_Init
                0x0000000008001384       0x6c ./Core/Src/spi.o
                0x0000000008001384                MX_SPI1_Init
 .text.MX_SPI2_Init
                0x00000000080013f0       0x6c ./Core/Src/spi.o
                0x00000000080013f0                MX_SPI2_Init
 .text.HAL_SPI_MspInit
                0x000000000800145c      0x10c ./Core/Src/spi.o
                0x000000000800145c                HAL_SPI_MspInit
 .text.spi_read_reg
                0x0000000008001568       0x68 ./Core/Src/spi_handler.o
                0x0000000008001568                spi_read_reg
 .text.spi_write_reg
                0x00000000080015d0       0x50 ./Core/Src/spi_handler.o
                0x00000000080015d0                spi_write_reg
 .text.HAL_MspInit
                0x0000000008001620       0x64 ./Core/Src/stm32f1xx_hal_msp.o
                0x0000000008001620                HAL_MspInit
 .text.NMI_Handler
                0x0000000008001684        0x6 ./Core/Src/stm32f1xx_it.o
                0x0000000008001684                NMI_Handler
 .text.HardFault_Handler
                0x000000000800168a        0x6 ./Core/Src/stm32f1xx_it.o
                0x000000000800168a                HardFault_Handler
 .text.MemManage_Handler
                0x0000000008001690        0x6 ./Core/Src/stm32f1xx_it.o
                0x0000000008001690                MemManage_Handler
 .text.BusFault_Handler
                0x0000000008001696        0x6 ./Core/Src/stm32f1xx_it.o
                0x0000000008001696                BusFault_Handler
 .text.UsageFault_Handler
                0x000000000800169c        0x6 ./Core/Src/stm32f1xx_it.o
                0x000000000800169c                UsageFault_Handler
 .text.SVC_Handler
                0x00000000080016a2        0xc ./Core/Src/stm32f1xx_it.o
                0x00000000080016a2                SVC_Handler
 .text.DebugMon_Handler
                0x00000000080016ae        0xc ./Core/Src/stm32f1xx_it.o
                0x00000000080016ae                DebugMon_Handler
 .text.PendSV_Handler
                0x00000000080016ba        0xc ./Core/Src/stm32f1xx_it.o
                0x00000000080016ba                PendSV_Handler
 .text.SysTick_Handler
                0x00000000080016c6        0xc ./Core/Src/stm32f1xx_it.o
                0x00000000080016c6                SysTick_Handler
 *fill*         0x00000000080016d2        0x2 
 .text.TIM2_IRQHandler
                0x00000000080016d4       0x14 ./Core/Src/stm32f1xx_it.o
                0x00000000080016d4                TIM2_IRQHandler
 .text.TIM5_IRQHandler
                0x00000000080016e8       0x14 ./Core/Src/stm32f1xx_it.o
                0x00000000080016e8                TIM5_IRQHandler
 .text.UART4_IRQHandler
                0x00000000080016fc       0x14 ./Core/Src/stm32f1xx_it.o
                0x00000000080016fc                UART4_IRQHandler
 .text.DMA2_Channel3_IRQHandler
                0x0000000008001710       0x14 ./Core/Src/stm32f1xx_it.o
                0x0000000008001710                DMA2_Channel3_IRQHandler
 .text.DMA2_Channel4_5_IRQHandler
                0x0000000008001724       0x14 ./Core/Src/stm32f1xx_it.o
                0x0000000008001724                DMA2_Channel4_5_IRQHandler
 .text._sbrk    0x0000000008001738       0x6c ./Core/Src/sysmem.o
                0x0000000008001738                _sbrk
 .text.SystemInit
                0x00000000080017a4        0xc ./Core/Src/system_stm32f1xx.o
                0x00000000080017a4                SystemInit
 .text.MX_TIM2_Init
                0x00000000080017b0       0x98 ./Core/Src/tim.o
                0x00000000080017b0                MX_TIM2_Init
 .text.MX_TIM5_Init
                0x0000000008001848       0x9c ./Core/Src/tim.o
                0x0000000008001848                MX_TIM5_Init
 .text.HAL_TIM_Base_MspInit
                0x00000000080018e4       0x80 ./Core/Src/tim.o
                0x00000000080018e4                HAL_TIM_Base_MspInit
 .text.read_time
                0x0000000008001964       0x90 ./Core/Src/tim.o
                0x0000000008001964                read_time
 .text.HAL_TIM_PeriodElapsedCallback
                0x00000000080019f4       0x5c ./Core/Src/tim.o
                0x00000000080019f4                HAL_TIM_PeriodElapsedCallback
 .text.MX_UART4_Init
                0x0000000008001a50       0x54 ./Core/Src/usart.o
                0x0000000008001a50                MX_UART4_Init
 .text.MX_UART5_Init
                0x0000000008001aa4       0x54 ./Core/Src/usart.o
                0x0000000008001aa4                MX_UART5_Init
 .text.HAL_UART_MspInit
                0x0000000008001af8      0x1e0 ./Core/Src/usart.o
                0x0000000008001af8                HAL_UART_MspInit
 .text.HAL_UART_RxCpltCallback
                0x0000000008001cd8       0x1c ./Core/Src/usart.o
                0x0000000008001cd8                HAL_UART_RxCpltCallback
 .text.HAL_UART_TxCpltCallback
                0x0000000008001cf4       0x28 ./Core/Src/usart.o
                0x0000000008001cf4                HAL_UART_TxCpltCallback
 .text.Reset_Handler
                0x0000000008001d1c       0x48 ./Core/Startup/startup_stm32f103retx.o
                0x0000000008001d1c                Reset_Handler
 .text.Default_Handler
                0x0000000008001d64        0x2 ./Core/Startup/startup_stm32f103retx.o
                0x0000000008001d64                RTC_Alarm_IRQHandler
                0x0000000008001d64                EXTI2_IRQHandler
                0x0000000008001d64                TIM8_TRG_COM_IRQHandler
                0x0000000008001d64                TIM8_CC_IRQHandler
                0x0000000008001d64                TIM1_CC_IRQHandler
                0x0000000008001d64                TIM6_IRQHandler
                0x0000000008001d64                PVD_IRQHandler
                0x0000000008001d64                SDIO_IRQHandler
                0x0000000008001d64                EXTI3_IRQHandler
                0x0000000008001d64                EXTI0_IRQHandler
                0x0000000008001d64                I2C2_EV_IRQHandler
                0x0000000008001d64                ADC1_2_IRQHandler
                0x0000000008001d64                SPI1_IRQHandler
                0x0000000008001d64                TAMPER_IRQHandler
                0x0000000008001d64                TIM8_UP_IRQHandler
                0x0000000008001d64                DMA2_Channel2_IRQHandler
                0x0000000008001d64                DMA1_Channel4_IRQHandler
                0x0000000008001d64                USART3_IRQHandler
                0x0000000008001d64                RTC_IRQHandler
                0x0000000008001d64                DMA1_Channel7_IRQHandler
                0x0000000008001d64                CAN1_RX1_IRQHandler
                0x0000000008001d64                UART5_IRQHandler
                0x0000000008001d64                ADC3_IRQHandler
                0x0000000008001d64                TIM4_IRQHandler
                0x0000000008001d64                DMA2_Channel1_IRQHandler
                0x0000000008001d64                I2C1_EV_IRQHandler
                0x0000000008001d64                DMA1_Channel6_IRQHandler
                0x0000000008001d64                TIM3_IRQHandler
                0x0000000008001d64                RCC_IRQHandler
                0x0000000008001d64                TIM1_TRG_COM_IRQHandler
                0x0000000008001d64                DMA1_Channel1_IRQHandler
                0x0000000008001d64                Default_Handler
                0x0000000008001d64                EXTI15_10_IRQHandler
                0x0000000008001d64                TIM7_IRQHandler
                0x0000000008001d64                EXTI9_5_IRQHandler
                0x0000000008001d64                SPI2_IRQHandler
                0x0000000008001d64                DMA1_Channel5_IRQHandler
                0x0000000008001d64                EXTI4_IRQHandler
                0x0000000008001d64                USB_LP_CAN1_RX0_IRQHandler
                0x0000000008001d64                USB_HP_CAN1_TX_IRQHandler
                0x0000000008001d64                DMA1_Channel3_IRQHandler
                0x0000000008001d64                FSMC_IRQHandler
                0x0000000008001d64                TIM1_UP_IRQHandler
                0x0000000008001d64                WWDG_IRQHandler
                0x0000000008001d64                TIM1_BRK_IRQHandler
                0x0000000008001d64                EXTI1_IRQHandler
                0x0000000008001d64                USART2_IRQHandler
                0x0000000008001d64                I2C2_ER_IRQHandler
                0x0000000008001d64                DMA1_Channel2_IRQHandler
                0x0000000008001d64                TIM8_BRK_IRQHandler
                0x0000000008001d64                CAN1_SCE_IRQHandler
                0x0000000008001d64                FLASH_IRQHandler
                0x0000000008001d64                USART1_IRQHandler
                0x0000000008001d64                SPI3_IRQHandler
                0x0000000008001d64                I2C1_ER_IRQHandler
                0x0000000008001d64                USBWakeUp_IRQHandler
 *fill*         0x0000000008001d66        0x2 
 .text.HAL_Init
                0x0000000008001d68       0x2c ./Drivers/STM32F1xx_HAL_Driver/Src/stm32f1xx_hal.o
                0x0000000008001d68                HAL_Init
 .text.HAL_InitTick
                0x0000000008001d94       0x60 ./Drivers/STM32F1xx_HAL_Driver/Src/stm32f1xx_hal.o
                0x0000000008001d94                HAL_InitTick
 .text.HAL_IncTick
                0x0000000008001df4       0x24 ./Drivers/STM32F1xx_HAL_Driver/Src/stm32f1xx_hal.o
                0x0000000008001df4                HAL_IncTick
 .text.HAL_GetTick
                0x0000000008001e18       0x14 ./Drivers/STM32F1xx_HAL_Driver/Src/stm32f1xx_hal.o
                0x0000000008001e18                HAL_GetTick
 .text.HAL_Delay
                0x0000000008001e2c       0x48 ./Drivers/STM32F1xx_HAL_Driver/Src/stm32f1xx_hal.o
                0x0000000008001e2c                HAL_Delay
 .text.__NVIC_SetPriorityGrouping
                0x0000000008001e74       0x48 ./Drivers/STM32F1xx_HAL_Driver/Src/stm32f1xx_hal_cortex.o
 .text.__NVIC_GetPriorityGrouping
                0x0000000008001ebc       0x1c ./Drivers/STM32F1xx_HAL_Driver/Src/stm32f1xx_hal_cortex.o
 .text.__NVIC_EnableIRQ
                0x0000000008001ed8       0x38 ./Drivers/STM32F1xx_HAL_Driver/Src/stm32f1xx_hal_cortex.o
 .text.__NVIC_SetPriority
                0x0000000008001f10       0x54 ./Drivers/STM32F1xx_HAL_Driver/Src/stm32f1xx_hal_cortex.o
 .text.NVIC_EncodePriority
                0x0000000008001f64       0x64 ./Drivers/STM32F1xx_HAL_Driver/Src/stm32f1xx_hal_cortex.o
 .text.SysTick_Config
                0x0000000008001fc8       0x44 ./Drivers/STM32F1xx_HAL_Driver/Src/stm32f1xx_hal_cortex.o
 .text.HAL_NVIC_SetPriorityGrouping
                0x000000000800200c       0x16 ./Drivers/STM32F1xx_HAL_Driver/Src/stm32f1xx_hal_cortex.o
                0x000000000800200c                HAL_NVIC_SetPriorityGrouping
 .text.HAL_NVIC_SetPriority
                0x0000000008002022       0x38 ./Drivers/STM32F1xx_HAL_Driver/Src/stm32f1xx_hal_cortex.o
                0x0000000008002022                HAL_NVIC_SetPriority
 .text.HAL_NVIC_EnableIRQ
                0x000000000800205a       0x1c ./Drivers/STM32F1xx_HAL_Driver/Src/stm32f1xx_hal_cortex.o
                0x000000000800205a                HAL_NVIC_EnableIRQ
 .text.HAL_SYSTICK_Config
                0x0000000008002076       0x18 ./Drivers/STM32F1xx_HAL_Driver/Src/stm32f1xx_hal_cortex.o
                0x0000000008002076                HAL_SYSTICK_Config
 *fill*         0x000000000800208e        0x2 
 .text.HAL_DMA_Init
                0x0000000008002090       0xec ./Drivers/STM32F1xx_HAL_Driver/Src/stm32f1xx_hal_dma.o
                0x0000000008002090                HAL_DMA_Init
 .text.HAL_DMA_Start_IT
                0x000000000800217c       0xc0 ./Drivers/STM32F1xx_HAL_Driver/Src/stm32f1xx_hal_dma.o
                0x000000000800217c                HAL_DMA_Start_IT
 .text.HAL_DMA_Abort
                0x000000000800223c       0x76 ./Drivers/STM32F1xx_HAL_Driver/Src/stm32f1xx_hal_dma.o
                0x000000000800223c                HAL_DMA_Abort
 *fill*         0x00000000080022b2        0x2 
 .text.HAL_DMA_Abort_IT
                0x00000000080022b4      0x210 ./Drivers/STM32F1xx_HAL_Driver/Src/stm32f1xx_hal_dma.o
                0x00000000080022b4                HAL_DMA_Abort_IT
 .text.HAL_DMA_IRQHandler
                0x00000000080024c4      0x478 ./Drivers/STM32F1xx_HAL_Driver/Src/stm32f1xx_hal_dma.o
                0x00000000080024c4                HAL_DMA_IRQHandler
 .text.DMA_SetConfig
                0x000000000800293c       0x5a ./Drivers/STM32F1xx_HAL_Driver/Src/stm32f1xx_hal_dma.o
 *fill*         0x0000000008002996        0x2 
 .text.HAL_GPIO_Init
                0x0000000008002998      0x328 ./Drivers/STM32F1xx_HAL_Driver/Src/stm32f1xx_hal_gpio.o
                0x0000000008002998                HAL_GPIO_Init
 .text.HAL_GPIO_WritePin
                0x0000000008002cc0       0x30 ./Drivers/STM32F1xx_HAL_Driver/Src/stm32f1xx_hal_gpio.o
                0x0000000008002cc0                HAL_GPIO_WritePin
 .text.HAL_GPIO_TogglePin
                0x0000000008002cf0       0x32 ./Drivers/STM32F1xx_HAL_Driver/Src/stm32f1xx_hal_gpio.o
                0x0000000008002cf0                HAL_GPIO_TogglePin
 *fill*         0x0000000008002d22        0x2 
 .text.HAL_I2C_Init
                0x0000000008002d24      0x288 ./Drivers/STM32F1xx_HAL_Driver/Src/stm32f1xx_hal_i2c.o
                0x0000000008002d24                HAL_I2C_Init
 .text.HAL_RCC_OscConfig
                0x0000000008002fac      0x504 ./Drivers/STM32F1xx_HAL_Driver/Src/stm32f1xx_hal_rcc.o
                0x0000000008002fac                HAL_RCC_OscConfig
 .text.HAL_RCC_ClockConfig
                0x00000000080034b0      0x1d4 ./Drivers/STM32F1xx_HAL_Driver/Src/stm32f1xx_hal_rcc.o
                0x00000000080034b0                HAL_RCC_ClockConfig
 .text.HAL_RCC_GetSysClockFreq
                0x0000000008003684       0xac ./Drivers/STM32F1xx_HAL_Driver/Src/stm32f1xx_hal_rcc.o
                0x0000000008003684                HAL_RCC_GetSysClockFreq
 .text.HAL_RCC_GetHCLKFreq
                0x0000000008003730       0x14 ./Drivers/STM32F1xx_HAL_Driver/Src/stm32f1xx_hal_rcc.o
                0x0000000008003730                HAL_RCC_GetHCLKFreq
 .text.HAL_RCC_GetPCLK1Freq
                0x0000000008003744       0x28 ./Drivers/STM32F1xx_HAL_Driver/Src/stm32f1xx_hal_rcc.o
                0x0000000008003744                HAL_RCC_GetPCLK1Freq
 .text.HAL_RCC_GetPCLK2Freq
                0x000000000800376c       0x28 ./Drivers/STM32F1xx_HAL_Driver/Src/stm32f1xx_hal_rcc.o
                0x000000000800376c                HAL_RCC_GetPCLK2Freq
 .text.RCC_Delay
                0x0000000008003794       0x3c ./Drivers/STM32F1xx_HAL_Driver/Src/stm32f1xx_hal_rcc.o
 .text.HAL_SPI_Init
                0x00000000080037d0      0x108 ./Drivers/STM32F1xx_HAL_Driver/Src/stm32f1xx_hal_spi.o
                0x00000000080037d0                HAL_SPI_Init
 .text.HAL_SPI_Transmit
                0x00000000080038d8      0x286 ./Drivers/STM32F1xx_HAL_Driver/Src/stm32f1xx_hal_spi.o
                0x00000000080038d8                HAL_SPI_Transmit
 .text.HAL_SPI_TransmitReceive
                0x0000000008003b5e      0x360 ./Drivers/STM32F1xx_HAL_Driver/Src/stm32f1xx_hal_spi.o
                0x0000000008003b5e                HAL_SPI_TransmitReceive
 *fill*         0x0000000008003ebe        0x2 
 .text.SPI_WaitFlagStateUntilTimeout
                0x0000000008003ec0      0x110 ./Drivers/STM32F1xx_HAL_Driver/Src/stm32f1xx_hal_spi.o
 .text.SPI_EndRxTxTransaction
                0x0000000008003fd0       0x3c ./Drivers/STM32F1xx_HAL_Driver/Src/stm32f1xx_hal_spi.o
 .text.HAL_TIM_Base_Init
                0x000000000800400c       0x9e ./Drivers/STM32F1xx_HAL_Driver/Src/stm32f1xx_hal_tim.o
                0x000000000800400c                HAL_TIM_Base_Init
 *fill*         0x00000000080040aa        0x2 
 .text.HAL_TIM_Base_Start_IT
                0x00000000080040ac       0xc0 ./Drivers/STM32F1xx_HAL_Driver/Src/stm32f1xx_hal_tim.o
                0x00000000080040ac                HAL_TIM_Base_Start_IT
 .text.HAL_TIM_IRQHandler
                0x000000000800416c      0x210 ./Drivers/STM32F1xx_HAL_Driver/Src/stm32f1xx_hal_tim.o
                0x000000000800416c                HAL_TIM_IRQHandler
 .text.HAL_TIM_ConfigClockSource
                0x000000000800437c      0x18e ./Drivers/STM32F1xx_HAL_Driver/Src/stm32f1xx_hal_tim.o
                0x000000000800437c                HAL_TIM_ConfigClockSource
 .text.HAL_TIM_OC_DelayElapsedCallback
                0x000000000800450a       0x12 ./Drivers/STM32F1xx_HAL_Driver/Src/stm32f1xx_hal_tim.o
                0x000000000800450a                HAL_TIM_OC_DelayElapsedCallback
 .text.HAL_TIM_IC_CaptureCallback
                0x000000000800451c       0x12 ./Drivers/STM32F1xx_HAL_Driver/Src/stm32f1xx_hal_tim.o
                0x000000000800451c                HAL_TIM_IC_CaptureCallback
 .text.HAL_TIM_PWM_PulseFinishedCallback
                0x000000000800452e       0x12 ./Drivers/STM32F1xx_HAL_Driver/Src/stm32f1xx_hal_tim.o
                0x000000000800452e                HAL_TIM_PWM_PulseFinishedCallback
 .text.HAL_TIM_TriggerCallback
                0x0000000008004540       0x12 ./Drivers/STM32F1xx_HAL_Driver/Src/stm32f1xx_hal_tim.o
                0x0000000008004540                HAL_TIM_TriggerCallback
 *fill*         0x0000000008004552        0x2 
 .text.TIM_Base_SetConfig
                0x0000000008004554       0xf4 ./Drivers/STM32F1xx_HAL_Driver/Src/stm32f1xx_hal_tim.o
                0x0000000008004554                TIM_Base_SetConfig
 .text.TIM_TI1_ConfigInputStage
                0x0000000008004648       0x5c ./Drivers/STM32F1xx_HAL_Driver/Src/stm32f1xx_hal_tim.o
 .text.TIM_TI2_ConfigInputStage
                0x00000000080046a4       0x5e ./Drivers/STM32F1xx_HAL_Driver/Src/stm32f1xx_hal_tim.o
 .text.TIM_ITRx_SetConfig
                0x0000000008004702       0x34 ./Drivers/STM32F1xx_HAL_Driver/Src/stm32f1xx_hal_tim.o
 .text.TIM_ETR_SetConfig
                0x0000000008004736       0x3e ./Drivers/STM32F1xx_HAL_Driver/Src/stm32f1xx_hal_tim.o
                0x0000000008004736                TIM_ETR_SetConfig
 .text.HAL_TIMEx_MasterConfigSynchronization
                0x0000000008004774       0xd8 ./Drivers/STM32F1xx_HAL_Driver/Src/stm32f1xx_hal_tim_ex.o
                0x0000000008004774                HAL_TIMEx_MasterConfigSynchronization
 .text.HAL_TIMEx_CommutCallback
                0x000000000800484c       0x12 ./Drivers/STM32F1xx_HAL_Driver/Src/stm32f1xx_hal_tim_ex.o
                0x000000000800484c                HAL_TIMEx_CommutCallback
 .text.HAL_TIMEx_BreakCallback
                0x000000000800485e       0x12 ./Drivers/STM32F1xx_HAL_Driver/Src/stm32f1xx_hal_tim_ex.o
                0x000000000800485e                HAL_TIMEx_BreakCallback
 .text.HAL_UART_Init
                0x0000000008004870       0xa0 ./Drivers/STM32F1xx_HAL_Driver/Src/stm32f1xx_hal_uart.o
                0x0000000008004870                HAL_UART_Init
 .text.HAL_UART_Transmit_DMA
                0x0000000008004910       0xe0 ./Drivers/STM32F1xx_HAL_Driver/Src/stm32f1xx_hal_uart.o
                0x0000000008004910                HAL_UART_Transmit_DMA
 .text.HAL_UART_Receive_DMA
                0x00000000080049f0       0x4a ./Drivers/STM32F1xx_HAL_Driver/Src/stm32f1xx_hal_uart.o
                0x00000000080049f0                HAL_UART_Receive_DMA
 *fill*         0x0000000008004a3a        0x2 
 .text.HAL_UART_IRQHandler
                0x0000000008004a3c      0x524 ./Drivers/STM32F1xx_HAL_Driver/Src/stm32f1xx_hal_uart.o
                0x0000000008004a3c                HAL_UART_IRQHandler
 .text.HAL_UART_TxHalfCpltCallback
                0x0000000008004f60       0x12 ./Drivers/STM32F1xx_HAL_Driver/Src/stm32f1xx_hal_uart.o
                0x0000000008004f60                HAL_UART_TxHalfCpltCallback
 .text.HAL_UART_RxHalfCpltCallback
                0x0000000008004f72       0x12 ./Drivers/STM32F1xx_HAL_Driver/Src/stm32f1xx_hal_uart.o
                0x0000000008004f72                HAL_UART_RxHalfCpltCallback
 .text.HAL_UART_ErrorCallback
                0x0000000008004f84       0x12 ./Drivers/STM32F1xx_HAL_Driver/Src/stm32f1xx_hal_uart.o
                0x0000000008004f84                HAL_UART_ErrorCallback
 .text.HAL_UARTEx_RxEventCallback
                0x0000000008004f96       0x16 ./Drivers/STM32F1xx_HAL_Driver/Src/stm32f1xx_hal_uart.o
                0x0000000008004f96                HAL_UARTEx_RxEventCallback
 .text.UART_DMATransmitCplt
                0x0000000008004fac       0x9a ./Drivers/STM32F1xx_HAL_Driver/Src/stm32f1xx_hal_uart.o
 .text.UART_DMATxHalfCplt
                0x0000000008005046       0x1c ./Drivers/STM32F1xx_HAL_Driver/Src/stm32f1xx_hal_uart.o
 .text.UART_DMAReceiveCplt
                0x0000000008005062      0x12c ./Drivers/STM32F1xx_HAL_Driver/Src/stm32f1xx_hal_uart.o
 .text.UART_DMARxHalfCplt
                0x000000000800518e       0x3c ./Drivers/STM32F1xx_HAL_Driver/Src/stm32f1xx_hal_uart.o
 .text.UART_DMAError
                0x00000000080051ca       0x94 ./Drivers/STM32F1xx_HAL_Driver/Src/stm32f1xx_hal_uart.o
 *fill*         0x000000000800525e        0x2 
 .text.UART_Start_Receive_DMA
                0x0000000008005260      0x134 ./Drivers/STM32F1xx_HAL_Driver/Src/stm32f1xx_hal_uart.o
                0x0000000008005260                UART_Start_Receive_DMA
 .text.UART_EndTxTransfer
                0x0000000008005394       0x4e ./Drivers/STM32F1xx_HAL_Driver/Src/stm32f1xx_hal_uart.o
 .text.UART_EndRxTransfer
                0x00000000080053e2       0xc4 ./Drivers/STM32F1xx_HAL_Driver/Src/stm32f1xx_hal_uart.o
 .text.UART_DMAAbortOnError
                0x00000000080054a6       0x28 ./Drivers/STM32F1xx_HAL_Driver/Src/stm32f1xx_hal_uart.o
 .text.UART_Transmit_IT
                0x00000000080054ce       0x9e ./Drivers/STM32F1xx_HAL_Driver/Src/stm32f1xx_hal_uart.o
 .text.UART_EndTransmit_IT
                0x000000000800556c       0x30 ./Drivers/STM32F1xx_HAL_Driver/Src/stm32f1xx_hal_uart.o
 .text.UART_Receive_IT
                0x000000000800559c      0x17c ./Drivers/STM32F1xx_HAL_Driver/Src/stm32f1xx_hal_uart.o
 .text.UART_SetConfig
                0x0000000008005718      0x11c ./Drivers/STM32F1xx_HAL_Driver/Src/stm32f1xx_hal_uart.o
 .text.malloc   0x0000000008005834       0x10 C:/ST/STM32CubeIDE_1.14.0/STM32CubeIDE/plugins/com.st.stm32cube.ide.mcu.externaltools.gnu-tools-for-stm32.11.3.rel1.win32_1.1.100.202309141235/tools/bin/../lib/gcc/arm-none-eabi/11.3.1/../../../../arm-none-eabi/lib/thumb/v7-m/nofp\libc_nano.a(libc_a-malloc.o)
                0x0000000008005834                malloc
 .text.sbrk_aligned
                0x0000000008005844       0x40 C:/ST/STM32CubeIDE_1.14.0/STM32CubeIDE/plugins/com.st.stm32cube.ide.mcu.externaltools.gnu-tools-for-stm32.11.3.rel1.win32_1.1.100.202309141235/tools/bin/../lib/gcc/arm-none-eabi/11.3.1/../../../../arm-none-eabi/lib/thumb/v7-m/nofp\libc_nano.a(libc_a-mallocr.o)
 .text._malloc_r
                0x0000000008005884      0x100 C:/ST/STM32CubeIDE_1.14.0/STM32CubeIDE/plugins/com.st.stm32cube.ide.mcu.externaltools.gnu-tools-for-stm32.11.3.rel1.win32_1.1.100.202309141235/tools/bin/../lib/gcc/arm-none-eabi/11.3.1/../../../../arm-none-eabi/lib/thumb/v7-m/nofp\libc_nano.a(libc_a-mallocr.o)
                0x0000000008005884                _malloc_r
 .text.__malloc_lock
                0x0000000008005984        0xc C:/ST/STM32CubeIDE_1.14.0/STM32CubeIDE/plugins/com.st.stm32cube.ide.mcu.externaltools.gnu-tools-for-stm32.11.3.rel1.win32_1.1.100.202309141235/tools/bin/../lib/gcc/arm-none-eabi/11.3.1/../../../../arm-none-eabi/lib/thumb/v7-m/nofp\libc_nano.a(libc_a-mlock.o)
                0x0000000008005984                __malloc_lock
 .text.__malloc_unlock
                0x0000000008005990        0xc C:/ST/STM32CubeIDE_1.14.0/STM32CubeIDE/plugins/com.st.stm32cube.ide.mcu.externaltools.gnu-tools-for-stm32.11.3.rel1.win32_1.1.100.202309141235/tools/bin/../lib/gcc/arm-none-eabi/11.3.1/../../../../arm-none-eabi/lib/thumb/v7-m/nofp\libc_nano.a(libc_a-mlock.o)
                0x0000000008005990                __malloc_unlock
 .text.memset   0x000000000800599c       0x10 C:/ST/STM32CubeIDE_1.14.0/STM32CubeIDE/plugins/com.st.stm32cube.ide.mcu.externaltools.gnu-tools-for-stm32.11.3.rel1.win32_1.1.100.202309141235/tools/bin/../lib/gcc/arm-none-eabi/11.3.1/../../../../arm-none-eabi/lib/thumb/v7-m/nofp\libc_nano.a(libc_a-memset.o)
                0x000000000800599c                memset
 .text._sbrk_r  0x00000000080059ac       0x20 C:/ST/STM32CubeIDE_1.14.0/STM32CubeIDE/plugins/com.st.stm32cube.ide.mcu.externaltools.gnu-tools-for-stm32.11.3.rel1.win32_1.1.100.202309141235/tools/bin/../lib/gcc/arm-none-eabi/11.3.1/../../../../arm-none-eabi/lib/thumb/v7-m/nofp\libc_nano.a(libc_a-sbrkr.o)
                0x00000000080059ac                _sbrk_r
 .text.__errno  0x00000000080059cc        0xc C:/ST/STM32CubeIDE_1.14.0/STM32CubeIDE/plugins/com.st.stm32cube.ide.mcu.externaltools.gnu-tools-for-stm32.11.3.rel1.win32_1.1.100.202309141235/tools/bin/../lib/gcc/arm-none-eabi/11.3.1/../../../../arm-none-eabi/lib/thumb/v7-m/nofp\libc_nano.a(libc_a-errno.o)
                0x00000000080059cc                __errno
 .text.__libc_init_array
                0x00000000080059d8       0x48 C:/ST/STM32CubeIDE_1.14.0/STM32CubeIDE/plugins/com.st.stm32cube.ide.mcu.externaltools.gnu-tools-for-stm32.11.3.rel1.win32_1.1.100.202309141235/tools/bin/../lib/gcc/arm-none-eabi/11.3.1/../../../../arm-none-eabi/lib/thumb/v7-m/nofp\libc_nano.a(libc_a-init.o)
                0x00000000080059d8                __libc_init_array
 .text.__retarget_lock_acquire_recursive
                0x0000000008005a20        0x2 C:/ST/STM32CubeIDE_1.14.0/STM32CubeIDE/plugins/com.st.stm32cube.ide.mcu.externaltools.gnu-tools-for-stm32.11.3.rel1.win32_1.1.100.202309141235/tools/bin/../lib/gcc/arm-none-eabi/11.3.1/../../../../arm-none-eabi/lib/thumb/v7-m/nofp\libc_nano.a(libc_a-lock.o)
                0x0000000008005a20                __retarget_lock_acquire_recursive
 .text.__retarget_lock_release_recursive
                0x0000000008005a22        0x2 C:/ST/STM32CubeIDE_1.14.0/STM32CubeIDE/plugins/com.st.stm32cube.ide.mcu.externaltools.gnu-tools-for-stm32.11.3.rel1.win32_1.1.100.202309141235/tools/bin/../lib/gcc/arm-none-eabi/11.3.1/../../../../arm-none-eabi/lib/thumb/v7-m/nofp\libc_nano.a(libc_a-lock.o)
                0x0000000008005a22                __retarget_lock_release_recursive
 .text.memcpy   0x0000000008005a24       0x1c C:/ST/STM32CubeIDE_1.14.0/STM32CubeIDE/plugins/com.st.stm32cube.ide.mcu.externaltools.gnu-tools-for-stm32.11.3.rel1.win32_1.1.100.202309141235/tools/bin/../lib/gcc/arm-none-eabi/11.3.1/../../../../arm-none-eabi/lib/thumb/v7-m/nofp\libc_nano.a(libc_a-memcpy-stub.o)
                0x0000000008005a24                memcpy
 *(.glue_7)
 .glue_7        0x0000000008005a40        0x0 linker stubs
 *(.glue_7t)
 .glue_7t       0x0000000008005a40        0x0 linker stubs
 *(.eh_frame)
 .eh_frame      0x0000000008005a40        0x0 C:/ST/STM32CubeIDE_1.14.0/STM32CubeIDE/plugins/com.st.stm32cube.ide.mcu.externaltools.gnu-tools-for-stm32.11.3.rel1.win32_1.1.100.202309141235/tools/bin/../lib/gcc/arm-none-eabi/11.3.1/thumb/v7-m/nofp/crtbegin.o
 *(.init)
 .init          0x0000000008005a40        0x4 C:/ST/STM32CubeIDE_1.14.0/STM32CubeIDE/plugins/com.st.stm32cube.ide.mcu.externaltools.gnu-tools-for-stm32.11.3.rel1.win32_1.1.100.202309141235/tools/bin/../lib/gcc/arm-none-eabi/11.3.1/thumb/v7-m/nofp/crti.o
                0x0000000008005a40                _init
 .init          0x0000000008005a44        0x8 C:/ST/STM32CubeIDE_1.14.0/STM32CubeIDE/plugins/com.st.stm32cube.ide.mcu.externaltools.gnu-tools-for-stm32.11.3.rel1.win32_1.1.100.202309141235/tools/bin/../lib/gcc/arm-none-eabi/11.3.1/thumb/v7-m/nofp/crtn.o
 *(.fini)
 .fini          0x0000000008005a4c        0x4 C:/ST/STM32CubeIDE_1.14.0/STM32CubeIDE/plugins/com.st.stm32cube.ide.mcu.externaltools.gnu-tools-for-stm32.11.3.rel1.win32_1.1.100.202309141235/tools/bin/../lib/gcc/arm-none-eabi/11.3.1/thumb/v7-m/nofp/crti.o
                0x0000000008005a4c                _fini
 .fini          0x0000000008005a50        0x8 C:/ST/STM32CubeIDE_1.14.0/STM32CubeIDE/plugins/com.st.stm32cube.ide.mcu.externaltools.gnu-tools-for-stm32.11.3.rel1.win32_1.1.100.202309141235/tools/bin/../lib/gcc/arm-none-eabi/11.3.1/thumb/v7-m/nofp/crtn.o
                0x0000000008005a58                . = ALIGN (0x4)
                0x0000000008005a58                _etext = .

.vfp11_veneer   0x0000000008005a58        0x0
 .vfp11_veneer  0x0000000008005a58        0x0 linker stubs

.v4_bx          0x0000000008005a58        0x0
 .v4_bx         0x0000000008005a58        0x0 linker stubs

.iplt           0x0000000008005a58        0x0
 .iplt          0x0000000008005a58        0x0 C:/ST/STM32CubeIDE_1.14.0/STM32CubeIDE/plugins/com.st.stm32cube.ide.mcu.externaltools.gnu-tools-for-stm32.11.3.rel1.win32_1.1.100.202309141235/tools/bin/../lib/gcc/arm-none-eabi/11.3.1/thumb/v7-m/nofp/crtbegin.o

.rodata         0x0000000008005a58       0x38
                0x0000000008005a58                . = ALIGN (0x4)
 *(.rodata)
 .rodata        0x0000000008005a58        0xc ./Core/Src/main.o
 *(.rodata*)
 .rodata.AHBPrescTable
                0x0000000008005a64       0x10 ./Core/Src/system_stm32f1xx.o
                0x0000000008005a64                AHBPrescTable
 .rodata.APBPrescTable
                0x0000000008005a74        0x8 ./Core/Src/system_stm32f1xx.o
                0x0000000008005a74                APBPrescTable
 .rodata.aPLLMULFactorTable.1
                0x0000000008005a7c       0x10 ./Drivers/STM32F1xx_HAL_Driver/Src/stm32f1xx_hal_rcc.o
 .rodata.aPredivFactorTable.0
                0x0000000008005a8c        0x2 ./Drivers/STM32F1xx_HAL_Driver/Src/stm32f1xx_hal_rcc.o
                0x0000000008005a90                . = ALIGN (0x4)
 *fill*         0x0000000008005a8e        0x2 

.rel.dyn        0x0000000008005a90        0x0
 .rel.iplt      0x0000000008005a90        0x0 C:/ST/STM32CubeIDE_1.14.0/STM32CubeIDE/plugins/com.st.stm32cube.ide.mcu.externaltools.gnu-tools-for-stm32.11.3.rel1.win32_1.1.100.202309141235/tools/bin/../lib/gcc/arm-none-eabi/11.3.1/thumb/v7-m/nofp/crtbegin.o

.ARM.extab      0x0000000008005a90        0x0
                0x0000000008005a90                . = ALIGN (0x4)
 *(.ARM.extab* .gnu.linkonce.armextab.*)
                0x0000000008005a90                . = ALIGN (0x4)

.ARM            0x0000000008005a90        0x0
                0x0000000008005a90                . = ALIGN (0x4)
                0x0000000008005a90                __exidx_start = .
 *(.ARM.exidx*)
                0x0000000008005a90                __exidx_end = .
                0x0000000008005a90                . = ALIGN (0x4)

.preinit_array  0x0000000008005a90        0x0
                0x0000000008005a90                . = ALIGN (0x4)
                0x0000000008005a90                PROVIDE (__preinit_array_start = .)
 *(.preinit_array*)
                0x0000000008005a90                PROVIDE (__preinit_array_end = .)
                0x0000000008005a90                . = ALIGN (0x4)

.init_array     0x0000000008005a90        0x4
                0x0000000008005a90                . = ALIGN (0x4)
                0x0000000008005a90                PROVIDE (__init_array_start = .)
 *(SORT_BY_NAME(.init_array.*))
 *(.init_array*)
 .init_array    0x0000000008005a90        0x4 C:/ST/STM32CubeIDE_1.14.0/STM32CubeIDE/plugins/com.st.stm32cube.ide.mcu.externaltools.gnu-tools-for-stm32.11.3.rel1.win32_1.1.100.202309141235/tools/bin/../lib/gcc/arm-none-eabi/11.3.1/thumb/v7-m/nofp/crtbegin.o
                0x0000000008005a94                PROVIDE (__init_array_end = .)
                0x0000000008005a94                . = ALIGN (0x4)

.fini_array     0x0000000008005a94        0x4
                0x0000000008005a94                . = ALIGN (0x4)
                [!provide]                        PROVIDE (__fini_array_start = .)
 *(SORT_BY_NAME(.fini_array.*))
 *(.fini_array*)
 .fini_array    0x0000000008005a94        0x4 C:/ST/STM32CubeIDE_1.14.0/STM32CubeIDE/plugins/com.st.stm32cube.ide.mcu.externaltools.gnu-tools-for-stm32.11.3.rel1.win32_1.1.100.202309141235/tools/bin/../lib/gcc/arm-none-eabi/11.3.1/thumb/v7-m/nofp/crtbegin.o
                [!provide]                        PROVIDE (__fini_array_end = .)
                0x0000000008005a98                . = ALIGN (0x4)
                0x0000000008005a98                _sidata = LOADADDR (.data)

.data           0x0000000020000000       0x64 load address 0x0000000008005a98
                0x0000000020000000                . = ALIGN (0x4)
                0x0000000020000000                _sdata = .
 *(.data)
 *(.data*)
 .data.measure  0x0000000020000000        0x1 ./Core/Src/main.o
                0x0000000020000000                measure
 *fill*         0x0000000020000001        0x3 
 .data.SystemCoreClock
                0x0000000020000004        0x4 ./Core/Src/system_stm32f1xx.o
                0x0000000020000004                SystemCoreClock
 .data.data_sent
                0x0000000020000008        0x1 ./Core/Src/usart.o
                0x0000000020000008                data_sent
 *fill*         0x0000000020000009        0x3 
 .data.uwTickPrio
                0x000000002000000c        0x4 ./Drivers/STM32F1xx_HAL_Driver/Src/stm32f1xx_hal.o
                0x000000002000000c                uwTickPrio
 .data.uwTickFreq
                0x0000000020000010        0x1 ./Drivers/STM32F1xx_HAL_Driver/Src/stm32f1xx_hal.o
                0x0000000020000010                uwTickFreq
 *fill*         0x0000000020000011        0x3 
 .data._impure_data
                0x0000000020000014       0x4c C:/ST/STM32CubeIDE_1.14.0/STM32CubeIDE/plugins/com.st.stm32cube.ide.mcu.externaltools.gnu-tools-for-stm32.11.3.rel1.win32_1.1.100.202309141235/tools/bin/../lib/gcc/arm-none-eabi/11.3.1/../../../../arm-none-eabi/lib/thumb/v7-m/nofp\libc_nano.a(libc_a-impure.o)
                0x0000000020000014                _impure_data
 .data._impure_ptr
                0x0000000020000060        0x4 C:/ST/STM32CubeIDE_1.14.0/STM32CubeIDE/plugins/com.st.stm32cube.ide.mcu.externaltools.gnu-tools-for-stm32.11.3.rel1.win32_1.1.100.202309141235/tools/bin/../lib/gcc/arm-none-eabi/11.3.1/../../../../arm-none-eabi/lib/thumb/v7-m/nofp\libc_nano.a(libc_a-impure.o)
                0x0000000020000060                _impure_ptr
 *(.RamFunc)
 *(.RamFunc*)
                0x0000000020000064                . = ALIGN (0x4)
                0x0000000020000064                _edata = .

.igot.plt       0x0000000020000064        0x0 load address 0x0000000008005afc
 .igot.plt      0x0000000020000064        0x0 C:/ST/STM32CubeIDE_1.14.0/STM32CubeIDE/plugins/com.st.stm32cube.ide.mcu.externaltools.gnu-tools-for-stm32.11.3.rel1.win32_1.1.100.202309141235/tools/bin/../lib/gcc/arm-none-eabi/11.3.1/thumb/v7-m/nofp/crtbegin.o
                0x0000000020000064                . = ALIGN (0x4)

.bss            0x0000000020000064      0x440 load address 0x0000000008005afc
                0x0000000020000064                _sbss = .
                0x0000000020000064                __bss_start__ = _sbss
 *(.bss)
 .bss           0x0000000020000064       0x1c C:/ST/STM32CubeIDE_1.14.0/STM32CubeIDE/plugins/com.st.stm32cube.ide.mcu.externaltools.gnu-tools-for-stm32.11.3.rel1.win32_1.1.100.202309141235/tools/bin/../lib/gcc/arm-none-eabi/11.3.1/thumb/v7-m/nofp/crtbegin.o
 *(.bss*)
 .bss.hi2c1     0x0000000020000080       0x54 ./Core/Src/i2c.o
                0x0000000020000080                hi2c1
 .bss.fake      0x00000000200000d4        0x1 ./Core/Src/main.o
                0x00000000200000d4                fake
 *fill*         0x00000000200000d5        0x1 
 .bss.cnt       0x00000000200000d6        0x2 ./Core/Src/main.o
                0x00000000200000d6                cnt
 .bss.data_ready
                0x00000000200000d8        0x1 ./Core/Src/main.o
                0x00000000200000d8                data_ready
 .bss.data_rec  0x00000000200000d9        0x1 ./Core/Src/main.o
                0x00000000200000d9                data_rec
 *fill*         0x00000000200000da        0x2 
 .bss.time_read
                0x00000000200000dc        0x4 ./Core/Src/main.o
                0x00000000200000dc                time_read
 .bss.wait4dataRdy
                0x00000000200000e0        0x4 ./Core/Src/sensors.o
                0x00000000200000e0                wait4dataRdy
 .bss.dataRdy   0x00000000200000e4        0x4 ./Core/Src/sensors.o
                0x00000000200000e4                dataRdy
 .bss.hspi1     0x00000000200000e8       0x58 ./Core/Src/spi.o
                0x00000000200000e8                hspi1
 .bss.hspi2     0x0000000020000140       0x58 ./Core/Src/spi.o
                0x0000000020000140                hspi2
 .bss.__sbrk_heap_end
                0x0000000020000198        0x4 ./Core/Src/sysmem.o
 .bss.min_tim   0x000000002000019c        0x1 ./Core/Src/tim.o
                0x000000002000019c                min_tim
 .bss.error_tim
                0x000000002000019d        0x1 ./Core/Src/tim.o
                0x000000002000019d                error_tim
 *fill*         0x000000002000019e        0x2 
 .bss.time_1s_cnt
                0x00000000200001a0        0x4 ./Core/Src/tim.o
                0x00000000200001a0                time_1s_cnt
 .bss.time_last_1s
                0x00000000200001a4        0x4 ./Core/Src/tim.o
                0x00000000200001a4                time_last_1s
 .bss.time_last_100us
                0x00000000200001a8        0x4 ./Core/Src/tim.o
                0x00000000200001a8                time_last_100us
 .bss.htim2     0x00000000200001ac       0x48 ./Core/Src/tim.o
                0x00000000200001ac                htim2
 .bss.htim5     0x00000000200001f4       0x48 ./Core/Src/tim.o
                0x00000000200001f4                htim5
 .bss.uart_rec  0x000000002000023c        0x1 ./Core/Src/usart.o
                0x000000002000023c                uart_rec
 *fill*         0x000000002000023d        0x3 
 .bss.huart4    0x0000000020000240       0x48 ./Core/Src/usart.o
                0x0000000020000240                huart4
 .bss.huart5    0x0000000020000288       0x48 ./Core/Src/usart.o
                0x0000000020000288                huart5
 .bss.hdma_uart4_tx
                0x00000000200002d0       0x44 ./Core/Src/usart.o
                0x00000000200002d0                hdma_uart4_tx
 .bss.hdma_uart4_rx
                0x0000000020000314       0x44 ./Core/Src/usart.o
                0x0000000020000314                hdma_uart4_rx
 .bss.uwTick    0x0000000020000358        0x4 ./Drivers/STM32F1xx_HAL_Driver/Src/stm32f1xx_hal.o
                0x0000000020000358                uwTick
 .bss.__malloc_free_list
                0x000000002000035c        0x4 C:/ST/STM32CubeIDE_1.14.0/STM32CubeIDE/plugins/com.st.stm32cube.ide.mcu.externaltools.gnu-tools-for-stm32.11.3.rel1.win32_1.1.100.202309141235/tools/bin/../lib/gcc/arm-none-eabi/11.3.1/../../../../arm-none-eabi/lib/thumb/v7-m/nofp\libc_nano.a(libc_a-mallocr.o)
                0x000000002000035c                __malloc_free_list
 .bss.__malloc_sbrk_start
                0x0000000020000360        0x4 C:/ST/STM32CubeIDE_1.14.0/STM32CubeIDE/plugins/com.st.stm32cube.ide.mcu.externaltools.gnu-tools-for-stm32.11.3.rel1.win32_1.1.100.202309141235/tools/bin/../lib/gcc/arm-none-eabi/11.3.1/../../../../arm-none-eabi/lib/thumb/v7-m/nofp\libc_nano.a(libc_a-mallocr.o)
                0x0000000020000360                __malloc_sbrk_start
 .bss.__sf      0x0000000020000364      0x138 C:/ST/STM32CubeIDE_1.14.0/STM32CubeIDE/plugins/com.st.stm32cube.ide.mcu.externaltools.gnu-tools-for-stm32.11.3.rel1.win32_1.1.100.202309141235/tools/bin/../lib/gcc/arm-none-eabi/11.3.1/../../../../arm-none-eabi/lib/thumb/v7-m/nofp\libc_nano.a(libc_a-findfp.o)
                0x0000000020000364                __sf
 .bss.errno     0x000000002000049c        0x4 C:/ST/STM32CubeIDE_1.14.0/STM32CubeIDE/plugins/com.st.stm32cube.ide.mcu.externaltools.gnu-tools-for-stm32.11.3.rel1.win32_1.1.100.202309141235/tools/bin/../lib/gcc/arm-none-eabi/11.3.1/../../../../arm-none-eabi/lib/thumb/v7-m/nofp\libc_nano.a(libc_a-reent.o)
                0x000000002000049c                errno
 .bss.__lock___malloc_recursive_mutex
                0x00000000200004a0        0x1 C:/ST/STM32CubeIDE_1.14.0/STM32CubeIDE/plugins/com.st.stm32cube.ide.mcu.externaltools.gnu-tools-for-stm32.11.3.rel1.win32_1.1.100.202309141235/tools/bin/../lib/gcc/arm-none-eabi/11.3.1/../../../../arm-none-eabi/lib/thumb/v7-m/nofp\libc_nano.a(libc_a-lock.o)
                0x00000000200004a0                __lock___malloc_recursive_mutex
 *(COMMON)
                0x00000000200004a4                . = ALIGN (0x4)
 *fill*         0x00000000200004a1        0x3 
                0x00000000200004a4                _ebss = .
                0x00000000200004a4                __bss_end__ = _ebss

._user_heap_stack
                0x00000000200004a4      0x604 load address 0x0000000008005afc
                0x00000000200004a8                . = ALIGN (0x8)
 *fill*         0x00000000200004a4        0x4 
                [!provide]                        PROVIDE (end = .)
                0x00000000200004a8                PROVIDE (_end = .)
                0x00000000200006a8                . = (. + _Min_Heap_Size)
 *fill*         0x00000000200004a8      0x200 
                0x0000000020000aa8                . = (. + _Min_Stack_Size)
 *fill*         0x00000000200006a8      0x400 
                0x0000000020000aa8                . = ALIGN (0x8)

/DISCARD/
 libc.a(*)
 libm.a(*)
 libgcc.a(*)

.ARM.attributes
                0x0000000000000000       0x29
 *(.ARM.attributes)
 .ARM.attributes
                0x0000000000000000       0x1d C:/ST/STM32CubeIDE_1.14.0/STM32CubeIDE/plugins/com.st.stm32cube.ide.mcu.externaltools.gnu-tools-for-stm32.11.3.rel1.win32_1.1.100.202309141235/tools/bin/../lib/gcc/arm-none-eabi/11.3.1/thumb/v7-m/nofp/crti.o
 .ARM.attributes
                0x000000000000001d       0x2d C:/ST/STM32CubeIDE_1.14.0/STM32CubeIDE/plugins/com.st.stm32cube.ide.mcu.externaltools.gnu-tools-for-stm32.11.3.rel1.win32_1.1.100.202309141235/tools/bin/../lib/gcc/arm-none-eabi/11.3.1/thumb/v7-m/nofp/crtbegin.o
 .ARM.attributes
                0x000000000000004a       0x2d ./Core/Src/dma.o
 .ARM.attributes
                0x0000000000000077       0x2d ./Core/Src/gpio.o
 .ARM.attributes
                0x00000000000000a4       0x2d ./Core/Src/i2c.o
 .ARM.attributes
                0x00000000000000d1       0x2d ./Core/Src/main.o
 .ARM.attributes
                0x00000000000000fe       0x2d ./Core/Src/sensors.o
 .ARM.attributes
                0x000000000000012b       0x2d ./Core/Src/spi.o
 .ARM.attributes
                0x0000000000000158       0x2d ./Core/Src/spi_handler.o
 .ARM.attributes
                0x0000000000000185       0x2d ./Core/Src/stm32f1xx_hal_msp.o
 .ARM.attributes
                0x00000000000001b2       0x2d ./Core/Src/stm32f1xx_it.o
 .ARM.attributes
                0x00000000000001df       0x2d ./Core/Src/sysmem.o
 .ARM.attributes
                0x000000000000020c       0x2d ./Core/Src/system_stm32f1xx.o
 .ARM.attributes
                0x0000000000000239       0x2d ./Core/Src/tim.o
 .ARM.attributes
                0x0000000000000266       0x2d ./Core/Src/usart.o
 .ARM.attributes
                0x0000000000000293       0x21 ./Core/Startup/startup_stm32f103retx.o
 .ARM.attributes
                0x00000000000002b4       0x2d ./Drivers/STM32F1xx_HAL_Driver/Src/stm32f1xx_hal.o
 .ARM.attributes
                0x00000000000002e1       0x2d ./Drivers/STM32F1xx_HAL_Driver/Src/stm32f1xx_hal_cortex.o
 .ARM.attributes
                0x000000000000030e       0x2d ./Drivers/STM32F1xx_HAL_Driver/Src/stm32f1xx_hal_dma.o
 .ARM.attributes
                0x000000000000033b       0x2d ./Drivers/STM32F1xx_HAL_Driver/Src/stm32f1xx_hal_gpio.o
 .ARM.attributes
                0x0000000000000368       0x2d ./Drivers/STM32F1xx_HAL_Driver/Src/stm32f1xx_hal_i2c.o
 .ARM.attributes
                0x0000000000000395       0x2d ./Drivers/STM32F1xx_HAL_Driver/Src/stm32f1xx_hal_rcc.o
 .ARM.attributes
                0x00000000000003c2       0x2d ./Drivers/STM32F1xx_HAL_Driver/Src/stm32f1xx_hal_spi.o
 .ARM.attributes
                0x00000000000003ef       0x2d ./Drivers/STM32F1xx_HAL_Driver/Src/stm32f1xx_hal_tim.o
 .ARM.attributes
                0x000000000000041c       0x2d ./Drivers/STM32F1xx_HAL_Driver/Src/stm32f1xx_hal_tim_ex.o
 .ARM.attributes
                0x0000000000000449       0x2d ./Drivers/STM32F1xx_HAL_Driver/Src/stm32f1xx_hal_uart.o
 .ARM.attributes
                0x0000000000000476       0x2d C:/ST/STM32CubeIDE_1.14.0/STM32CubeIDE/plugins/com.st.stm32cube.ide.mcu.externaltools.gnu-tools-for-stm32.11.3.rel1.win32_1.1.100.202309141235/tools/bin/../lib/gcc/arm-none-eabi/11.3.1/../../../../arm-none-eabi/lib/thumb/v7-m/nofp\libc_nano.a(libc_a-malloc.o)
 .ARM.attributes
                0x00000000000004a3       0x2d C:/ST/STM32CubeIDE_1.14.0/STM32CubeIDE/plugins/com.st.stm32cube.ide.mcu.externaltools.gnu-tools-for-stm32.11.3.rel1.win32_1.1.100.202309141235/tools/bin/../lib/gcc/arm-none-eabi/11.3.1/../../../../arm-none-eabi/lib/thumb/v7-m/nofp\libc_nano.a(libc_a-mallocr.o)
 .ARM.attributes
                0x00000000000004d0       0x2d C:/ST/STM32CubeIDE_1.14.0/STM32CubeIDE/plugins/com.st.stm32cube.ide.mcu.externaltools.gnu-tools-for-stm32.11.3.rel1.win32_1.1.100.202309141235/tools/bin/../lib/gcc/arm-none-eabi/11.3.1/../../../../arm-none-eabi/lib/thumb/v7-m/nofp\libc_nano.a(libc_a-mlock.o)
 .ARM.attributes
                0x00000000000004fd       0x2d C:/ST/STM32CubeIDE_1.14.0/STM32CubeIDE/plugins/com.st.stm32cube.ide.mcu.externaltools.gnu-tools-for-stm32.11.3.rel1.win32_1.1.100.202309141235/tools/bin/../lib/gcc/arm-none-eabi/11.3.1/../../../../arm-none-eabi/lib/thumb/v7-m/nofp\libc_nano.a(libc_a-findfp.o)
 .ARM.attributes
                0x000000000000052a       0x2d C:/ST/STM32CubeIDE_1.14.0/STM32CubeIDE/plugins/com.st.stm32cube.ide.mcu.externaltools.gnu-tools-for-stm32.11.3.rel1.win32_1.1.100.202309141235/tools/bin/../lib/gcc/arm-none-eabi/11.3.1/../../../../arm-none-eabi/lib/thumb/v7-m/nofp\libc_nano.a(libc_a-memset.o)
 .ARM.attributes
                0x0000000000000557       0x2d C:/ST/STM32CubeIDE_1.14.0/STM32CubeIDE/plugins/com.st.stm32cube.ide.mcu.externaltools.gnu-tools-for-stm32.11.3.rel1.win32_1.1.100.202309141235/tools/bin/../lib/gcc/arm-none-eabi/11.3.1/../../../../arm-none-eabi/lib/thumb/v7-m/nofp\libc_nano.a(libc_a-reent.o)
 .ARM.attributes
                0x0000000000000584       0x2d C:/ST/STM32CubeIDE_1.14.0/STM32CubeIDE/plugins/com.st.stm32cube.ide.mcu.externaltools.gnu-tools-for-stm32.11.3.rel1.win32_1.1.100.202309141235/tools/bin/../lib/gcc/arm-none-eabi/11.3.1/../../../../arm-none-eabi/lib/thumb/v7-m/nofp\libc_nano.a(libc_a-impure.o)
 .ARM.attributes
                0x00000000000005b1       0x2d C:/ST/STM32CubeIDE_1.14.0/STM32CubeIDE/plugins/com.st.stm32cube.ide.mcu.externaltools.gnu-tools-for-stm32.11.3.rel1.win32_1.1.100.202309141235/tools/bin/../lib/gcc/arm-none-eabi/11.3.1/../../../../arm-none-eabi/lib/thumb/v7-m/nofp\libc_nano.a(libc_a-sbrkr.o)
 .ARM.attributes
                0x00000000000005de       0x2d C:/ST/STM32CubeIDE_1.14.0/STM32CubeIDE/plugins/com.st.stm32cube.ide.mcu.externaltools.gnu-tools-for-stm32.11.3.rel1.win32_1.1.100.202309141235/tools/bin/../lib/gcc/arm-none-eabi/11.3.1/../../../../arm-none-eabi/lib/thumb/v7-m/nofp\libc_nano.a(libc_a-errno.o)
 .ARM.attributes
                0x000000000000060b       0x2d C:/ST/STM32CubeIDE_1.14.0/STM32CubeIDE/plugins/com.st.stm32cube.ide.mcu.externaltools.gnu-tools-for-stm32.11.3.rel1.win32_1.1.100.202309141235/tools/bin/../lib/gcc/arm-none-eabi/11.3.1/../../../../arm-none-eabi/lib/thumb/v7-m/nofp\libc_nano.a(libc_a-init.o)
 .ARM.attributes
                0x0000000000000638       0x2d C:/ST/STM32CubeIDE_1.14.0/STM32CubeIDE/plugins/com.st.stm32cube.ide.mcu.externaltools.gnu-tools-for-stm32.11.3.rel1.win32_1.1.100.202309141235/tools/bin/../lib/gcc/arm-none-eabi/11.3.1/../../../../arm-none-eabi/lib/thumb/v7-m/nofp\libc_nano.a(libc_a-lock.o)
 .ARM.attributes
                0x0000000000000665       0x2d C:/ST/STM32CubeIDE_1.14.0/STM32CubeIDE/plugins/com.st.stm32cube.ide.mcu.externaltools.gnu-tools-for-stm32.11.3.rel1.win32_1.1.100.202309141235/tools/bin/../lib/gcc/arm-none-eabi/11.3.1/../../../../arm-none-eabi/lib/thumb/v7-m/nofp\libc_nano.a(libc_a-memcpy-stub.o)
 .ARM.attributes
                0x0000000000000692       0x1d C:/ST/STM32CubeIDE_1.14.0/STM32CubeIDE/plugins/com.st.stm32cube.ide.mcu.externaltools.gnu-tools-for-stm32.11.3.rel1.win32_1.1.100.202309141235/tools/bin/../lib/gcc/arm-none-eabi/11.3.1/thumb/v7-m/nofp\libgcc.a(_arm_addsubsf3.o)
 .ARM.attributes
                0x00000000000006af       0x1d C:/ST/STM32CubeIDE_1.14.0/STM32CubeIDE/plugins/com.st.stm32cube.ide.mcu.externaltools.gnu-tools-for-stm32.11.3.rel1.win32_1.1.100.202309141235/tools/bin/../lib/gcc/arm-none-eabi/11.3.1/thumb/v7-m/nofp\libgcc.a(_arm_muldivsf3.o)
 .ARM.attributes
                0x00000000000006cc       0x1d C:/ST/STM32CubeIDE_1.14.0/STM32CubeIDE/plugins/com.st.stm32cube.ide.mcu.externaltools.gnu-tools-for-stm32.11.3.rel1.win32_1.1.100.202309141235/tools/bin/../lib/gcc/arm-none-eabi/11.3.1/thumb/v7-m/nofp/crtn.o
OUTPUT(FW.elf elf32-littlearm)
LOAD linker stubs
LOAD C:/ST/STM32CubeIDE_1.14.0/STM32CubeIDE/plugins/com.st.stm32cube.ide.mcu.externaltools.gnu-tools-for-stm32.11.3.rel1.win32_1.1.100.202309141235/tools/bin/../lib/gcc/arm-none-eabi/11.3.1/../../../../arm-none-eabi/lib/thumb/v7-m/nofp\libc.a
LOAD C:/ST/STM32CubeIDE_1.14.0/STM32CubeIDE/plugins/com.st.stm32cube.ide.mcu.externaltools.gnu-tools-for-stm32.11.3.rel1.win32_1.1.100.202309141235/tools/bin/../lib/gcc/arm-none-eabi/11.3.1/../../../../arm-none-eabi/lib/thumb/v7-m/nofp\libm.a
LOAD C:/ST/STM32CubeIDE_1.14.0/STM32CubeIDE/plugins/com.st.stm32cube.ide.mcu.externaltools.gnu-tools-for-stm32.11.3.rel1.win32_1.1.100.202309141235/tools/bin/../lib/gcc/arm-none-eabi/11.3.1/thumb/v7-m/nofp\libgcc.a

.comment        0x0000000000000000       0x43
 .comment       0x0000000000000000       0x43 C:/ST/STM32CubeIDE_1.14.0/STM32CubeIDE/plugins/com.st.stm32cube.ide.mcu.externaltools.gnu-tools-for-stm32.11.3.rel1.win32_1.1.100.202309141235/tools/bin/../lib/gcc/arm-none-eabi/11.3.1/thumb/v7-m/nofp/crtbegin.o
                                         0x44 (size before relaxing)
 .comment       0x0000000000000043       0x44 ./Core/Src/dma.o
 .comment       0x0000000000000043       0x44 ./Core/Src/gpio.o
 .comment       0x0000000000000043       0x44 ./Core/Src/i2c.o
 .comment       0x0000000000000043       0x44 ./Core/Src/main.o
 .comment       0x0000000000000043       0x44 ./Core/Src/sensors.o
 .comment       0x0000000000000043       0x44 ./Core/Src/spi.o
 .comment       0x0000000000000043       0x44 ./Core/Src/spi_handler.o
 .comment       0x0000000000000043       0x44 ./Core/Src/stm32f1xx_hal_msp.o
 .comment       0x0000000000000043       0x44 ./Core/Src/stm32f1xx_it.o
 .comment       0x0000000000000043       0x44 ./Core/Src/sysmem.o
 .comment       0x0000000000000043       0x44 ./Core/Src/system_stm32f1xx.o
 .comment       0x0000000000000043       0x44 ./Core/Src/tim.o
 .comment       0x0000000000000043       0x44 ./Core/Src/usart.o
 .comment       0x0000000000000043       0x44 ./Drivers/STM32F1xx_HAL_Driver/Src/stm32f1xx_hal.o
 .comment       0x0000000000000043       0x44 ./Drivers/STM32F1xx_HAL_Driver/Src/stm32f1xx_hal_cortex.o
 .comment       0x0000000000000043       0x44 ./Drivers/STM32F1xx_HAL_Driver/Src/stm32f1xx_hal_dma.o
 .comment       0x0000000000000043       0x44 ./Drivers/STM32F1xx_HAL_Driver/Src/stm32f1xx_hal_gpio.o
 .comment       0x0000000000000043       0x44 ./Drivers/STM32F1xx_HAL_Driver/Src/stm32f1xx_hal_i2c.o
 .comment       0x0000000000000043       0x44 ./Drivers/STM32F1xx_HAL_Driver/Src/stm32f1xx_hal_rcc.o
 .comment       0x0000000000000043       0x44 ./Drivers/STM32F1xx_HAL_Driver/Src/stm32f1xx_hal_spi.o
 .comment       0x0000000000000043       0x44 ./Drivers/STM32F1xx_HAL_Driver/Src/stm32f1xx_hal_tim.o
 .comment       0x0000000000000043       0x44 ./Drivers/STM32F1xx_HAL_Driver/Src/stm32f1xx_hal_tim_ex.o
 .comment       0x0000000000000043       0x44 ./Drivers/STM32F1xx_HAL_Driver/Src/stm32f1xx_hal_uart.o

.debug_info     0x0000000000000000    0x130ab
 .debug_info    0x0000000000000000      0x335 ./Core/Src/dma.o
 .debug_info    0x0000000000000335      0x2d3 ./Core/Src/gpio.o
 .debug_info    0x0000000000000608      0x7e3 ./Core/Src/i2c.o
 .debug_info    0x0000000000000deb      0xfa5 ./Core/Src/main.o
 .debug_info    0x0000000000001d90      0xfac ./Core/Src/sensors.o
 .debug_info    0x0000000000002d3c      0x816 ./Core/Src/spi.o
 .debug_info    0x0000000000003552      0x786 ./Core/Src/spi_handler.o
 .debug_info    0x0000000000003cd8      0x1f1 ./Core/Src/stm32f1xx_hal_msp.o
 .debug_info    0x0000000000003ec9      0x9b2 ./Core/Src/stm32f1xx_it.o
 .debug_info    0x000000000000487b      0x168 ./Core/Src/sysmem.o
 .debug_info    0x00000000000049e3      0x222 ./Core/Src/system_stm32f1xx.o
 .debug_info    0x0000000000004c05      0xb58 ./Core/Src/tim.o
 .debug_info    0x000000000000575d      0xae0 ./Core/Src/usart.o
 .debug_info    0x000000000000623d       0x23 ./Core/Startup/startup_stm32f103retx.o
 .debug_info    0x0000000000006260      0x76a ./Drivers/STM32F1xx_HAL_Driver/Src/stm32f1xx_hal.o
 .debug_info    0x00000000000069ca      0xaed ./Drivers/STM32F1xx_HAL_Driver/Src/stm32f1xx_hal_cortex.o
 .debug_info    0x00000000000074b7      0x6d2 ./Drivers/STM32F1xx_HAL_Driver/Src/stm32f1xx_hal_dma.o
 .debug_info    0x0000000000007b89      0x5ab ./Drivers/STM32F1xx_HAL_Driver/Src/stm32f1xx_hal_gpio.o
 .debug_info    0x0000000000008134     0x2515 ./Drivers/STM32F1xx_HAL_Driver/Src/stm32f1xx_hal_i2c.o
 .debug_info    0x000000000000a649      0x7d5 ./Drivers/STM32F1xx_HAL_Driver/Src/stm32f1xx_hal_rcc.o
 .debug_info    0x000000000000ae1e     0x150f ./Drivers/STM32F1xx_HAL_Driver/Src/stm32f1xx_hal_spi.o
 .debug_info    0x000000000000c32d     0x293b ./Drivers/STM32F1xx_HAL_Driver/Src/stm32f1xx_hal_tim.o
 .debug_info    0x000000000000ec68     0x149b ./Drivers/STM32F1xx_HAL_Driver/Src/stm32f1xx_hal_tim_ex.o
 .debug_info    0x0000000000010103     0x2fa8 ./Drivers/STM32F1xx_HAL_Driver/Src/stm32f1xx_hal_uart.o

.debug_abbrev   0x0000000000000000     0x2f61
 .debug_abbrev  0x0000000000000000       0xfc ./Core/Src/dma.o
 .debug_abbrev  0x00000000000000fc      0x13f ./Core/Src/gpio.o
 .debug_abbrev  0x000000000000023b      0x1de ./Core/Src/i2c.o
 .debug_abbrev  0x0000000000000419      0x2d5 ./Core/Src/main.o
 .debug_abbrev  0x00000000000006ee      0x2c4 ./Core/Src/sensors.o
 .debug_abbrev  0x00000000000009b2      0x1e6 ./Core/Src/spi.o
 .debug_abbrev  0x0000000000000b98      0x1dc ./Core/Src/spi_handler.o
 .debug_abbrev  0x0000000000000d74       0xdb ./Core/Src/stm32f1xx_hal_msp.o
 .debug_abbrev  0x0000000000000e4f      0x1b4 ./Core/Src/stm32f1xx_it.o
 .debug_abbrev  0x0000000000001003       0xbc ./Core/Src/sysmem.o
 .debug_abbrev  0x00000000000010bf      0x13f ./Core/Src/system_stm32f1xx.o
 .debug_abbrev  0x00000000000011fe      0x266 ./Core/Src/tim.o
 .debug_abbrev  0x0000000000001464      0x252 ./Core/Src/usart.o
 .debug_abbrev  0x00000000000016b6       0x12 ./Core/Startup/startup_stm32f103retx.o
 .debug_abbrev  0x00000000000016c8      0x201 ./Drivers/STM32F1xx_HAL_Driver/Src/stm32f1xx_hal.o
 .debug_abbrev  0x00000000000018c9      0x2f8 ./Drivers/STM32F1xx_HAL_Driver/Src/stm32f1xx_hal_cortex.o
 .debug_abbrev  0x0000000000001bc1      0x20b ./Drivers/STM32F1xx_HAL_Driver/Src/stm32f1xx_hal_dma.o
 .debug_abbrev  0x0000000000001dcc      0x1ca ./Drivers/STM32F1xx_HAL_Driver/Src/stm32f1xx_hal_gpio.o
 .debug_abbrev  0x0000000000001f96      0x2a3 ./Drivers/STM32F1xx_HAL_Driver/Src/stm32f1xx_hal_i2c.o
 .debug_abbrev  0x0000000000002239      0x2b3 ./Drivers/STM32F1xx_HAL_Driver/Src/stm32f1xx_hal_rcc.o
 .debug_abbrev  0x00000000000024ec      0x284 ./Drivers/STM32F1xx_HAL_Driver/Src/stm32f1xx_hal_spi.o
 .debug_abbrev  0x0000000000002770      0x277 ./Drivers/STM32F1xx_HAL_Driver/Src/stm32f1xx_hal_tim.o
 .debug_abbrev  0x00000000000029e7      0x282 ./Drivers/STM32F1xx_HAL_Driver/Src/stm32f1xx_hal_tim_ex.o
 .debug_abbrev  0x0000000000002c69      0x2f8 ./Drivers/STM32F1xx_HAL_Driver/Src/stm32f1xx_hal_uart.o

.debug_aranges  0x0000000000000000     0x1260
 .debug_aranges
                0x0000000000000000       0x20 ./Core/Src/dma.o
 .debug_aranges
                0x0000000000000020       0x20 ./Core/Src/gpio.o
 .debug_aranges
                0x0000000000000040       0x30 ./Core/Src/i2c.o
 .debug_aranges
                0x0000000000000070       0x30 ./Core/Src/main.o
 .debug_aranges
                0x00000000000000a0       0xb0 ./Core/Src/sensors.o
 .debug_aranges
                0x0000000000000150       0x38 ./Core/Src/spi.o
 .debug_aranges
                0x0000000000000188       0x30 ./Core/Src/spi_handler.o
 .debug_aranges
                0x00000000000001b8       0x20 ./Core/Src/stm32f1xx_hal_msp.o
 .debug_aranges
                0x00000000000001d8       0x88 ./Core/Src/stm32f1xx_it.o
 .debug_aranges
                0x0000000000000260       0x20 ./Core/Src/sysmem.o
 .debug_aranges
                0x0000000000000280       0x28 ./Core/Src/system_stm32f1xx.o
 .debug_aranges
                0x00000000000002a8       0x48 ./Core/Src/tim.o
 .debug_aranges
                0x00000000000002f0       0x48 ./Core/Src/usart.o
 .debug_aranges
                0x0000000000000338       0x28 ./Core/Startup/startup_stm32f103retx.o
 .debug_aranges
                0x0000000000000360       0xe0 ./Drivers/STM32F1xx_HAL_Driver/Src/stm32f1xx_hal.o
 .debug_aranges
                0x0000000000000440      0x100 ./Drivers/STM32F1xx_HAL_Driver/Src/stm32f1xx_hal_cortex.o
 .debug_aranges
                0x0000000000000540       0x80 ./Drivers/STM32F1xx_HAL_Driver/Src/stm32f1xx_hal_dma.o
 .debug_aranges
                0x00000000000005c0       0x58 ./Drivers/STM32F1xx_HAL_Driver/Src/stm32f1xx_hal_gpio.o
 .debug_aranges
                0x0000000000000618      0x2a8 ./Drivers/STM32F1xx_HAL_Driver/Src/stm32f1xx_hal_i2c.o
 .debug_aranges
                0x00000000000008c0       0x90 ./Drivers/STM32F1xx_HAL_Driver/Src/stm32f1xx_hal_rcc.o
 .debug_aranges
                0x0000000000000950      0x1d0 ./Drivers/STM32F1xx_HAL_Driver/Src/stm32f1xx_hal_spi.o
 .debug_aranges
                0x0000000000000b20      0x3d0 ./Drivers/STM32F1xx_HAL_Driver/Src/stm32f1xx_hal_tim.o
 .debug_aranges
                0x0000000000000ef0      0x168 ./Drivers/STM32F1xx_HAL_Driver/Src/stm32f1xx_hal_tim_ex.o
 .debug_aranges
                0x0000000000001058      0x208 ./Drivers/STM32F1xx_HAL_Driver/Src/stm32f1xx_hal_uart.o

.debug_rnglists
                0x0000000000000000      0xe63
 .debug_rnglists
                0x0000000000000000       0x13 ./Core/Src/dma.o
 .debug_rnglists
                0x0000000000000013       0x14 ./Core/Src/gpio.o
 .debug_rnglists
                0x0000000000000027       0x1f ./Core/Src/i2c.o
 .debug_rnglists
                0x0000000000000046       0x21 ./Core/Src/main.o
 .debug_rnglists
                0x0000000000000067       0x83 ./Core/Src/sensors.o
 .debug_rnglists
                0x00000000000000ea       0x26 ./Core/Src/spi.o
 .debug_rnglists
                0x0000000000000110       0x1f ./Core/Src/spi_handler.o
 .debug_rnglists
                0x000000000000012f       0x13 ./Core/Src/stm32f1xx_hal_msp.o
 .debug_rnglists
                0x0000000000000142       0x61 ./Core/Src/stm32f1xx_it.o
 .debug_rnglists
                0x00000000000001a3       0x13 ./Core/Src/sysmem.o
 .debug_rnglists
                0x00000000000001b6       0x1a ./Core/Src/system_stm32f1xx.o
 .debug_rnglists
                0x00000000000001d0       0x35 ./Core/Src/tim.o
 .debug_rnglists
                0x0000000000000205       0x33 ./Core/Src/usart.o
 .debug_rnglists
                0x0000000000000238       0x19 ./Core/Startup/startup_stm32f103retx.o
 .debug_rnglists
                0x0000000000000251       0xa3 ./Drivers/STM32F1xx_HAL_Driver/Src/stm32f1xx_hal.o
 .debug_rnglists
                0x00000000000002f4       0xbb ./Drivers/STM32F1xx_HAL_Driver/Src/stm32f1xx_hal_cortex.o
 .debug_rnglists
                0x00000000000003af       0x64 ./Drivers/STM32F1xx_HAL_Driver/Src/stm32f1xx_hal_dma.o
 .debug_rnglists
                0x0000000000000413       0x3f ./Drivers/STM32F1xx_HAL_Driver/Src/stm32f1xx_hal_gpio.o
 .debug_rnglists
                0x0000000000000452      0x23c ./Drivers/STM32F1xx_HAL_Driver/Src/stm32f1xx_hal_i2c.o
 .debug_rnglists
                0x000000000000068e       0x6c ./Drivers/STM32F1xx_HAL_Driver/Src/stm32f1xx_hal_rcc.o
 .debug_rnglists
                0x00000000000006fa      0x16e ./Drivers/STM32F1xx_HAL_Driver/Src/stm32f1xx_hal_spi.o
 .debug_rnglists
                0x0000000000000868      0x31a ./Drivers/STM32F1xx_HAL_Driver/Src/stm32f1xx_hal_tim.o
 .debug_rnglists
                0x0000000000000b82      0x125 ./Drivers/STM32F1xx_HAL_Driver/Src/stm32f1xx_hal_tim_ex.o
 .debug_rnglists
                0x0000000000000ca7      0x1bc ./Drivers/STM32F1xx_HAL_Driver/Src/stm32f1xx_hal_uart.o

.debug_macro    0x0000000000000000    0x1b94c
 .debug_macro   0x0000000000000000      0x1d0 ./Core/Src/dma.o
 .debug_macro   0x00000000000001d0      0xa9c ./Core/Src/dma.o
 .debug_macro   0x0000000000000c6c      0x22d ./Core/Src/dma.o
 .debug_macro   0x0000000000000e99       0x2e ./Core/Src/dma.o
 .debug_macro   0x0000000000000ec7       0x22 ./Core/Src/dma.o
 .debug_macro   0x0000000000000ee9       0x22 ./Core/Src/dma.o
 .debug_macro   0x0000000000000f0b       0x8e ./Core/Src/dma.o
 .debug_macro   0x0000000000000f99       0x51 ./Core/Src/dma.o
 .debug_macro   0x0000000000000fea      0x103 ./Core/Src/dma.o
 .debug_macro   0x00000000000010ed       0x6a ./Core/Src/dma.o
 .debug_macro   0x0000000000001157      0x1df ./Core/Src/dma.o
 .debug_macro   0x0000000000001336       0x1c ./Core/Src/dma.o
 .debug_macro   0x0000000000001352       0x22 ./Core/Src/dma.o
 .debug_macro   0x0000000000001374       0xbd ./Core/Src/dma.o
 .debug_macro   0x0000000000001431      0xd23 ./Core/Src/dma.o
 .debug_macro   0x0000000000002154     0xfd8c ./Core/Src/dma.o
 .debug_macro   0x0000000000011ee0       0x6d ./Core/Src/dma.o
 .debug_macro   0x0000000000011f4d     0x348d ./Core/Src/dma.o
 .debug_macro   0x00000000000153da      0x174 ./Core/Src/dma.o
 .debug_macro   0x000000000001554e       0x5c ./Core/Src/dma.o
 .debug_macro   0x00000000000155aa      0x5bc ./Core/Src/dma.o
 .debug_macro   0x0000000000015b66      0x4d5 ./Core/Src/dma.o
 .debug_macro   0x000000000001603b      0x1cb ./Core/Src/dma.o
 .debug_macro   0x0000000000016206      0x114 ./Core/Src/dma.o
 .debug_macro   0x000000000001631a      0x1ea ./Core/Src/dma.o
 .debug_macro   0x0000000000016504       0x27 ./Core/Src/dma.o
 .debug_macro   0x000000000001652b      0x144 ./Core/Src/dma.o
 .debug_macro   0x000000000001666f      0x1bc ./Core/Src/dma.o
 .debug_macro   0x000000000001682b       0x30 ./Core/Src/dma.o
 .debug_macro   0x000000000001685b       0x3c ./Core/Src/dma.o
 .debug_macro   0x0000000000016897       0x57 ./Core/Src/dma.o
 .debug_macro   0x00000000000168ee       0x87 ./Core/Src/dma.o
 .debug_macro   0x0000000000016975      0x24f ./Core/Src/dma.o
 .debug_macro   0x0000000000016bc4      0x287 ./Core/Src/dma.o
 .debug_macro   0x0000000000016e4b      0x140 ./Core/Src/dma.o
 .debug_macro   0x0000000000016f8b      0x217 ./Core/Src/dma.o
 .debug_macro   0x00000000000171a2      0x8ed ./Core/Src/dma.o
 .debug_macro   0x0000000000017a8f      0x28e ./Core/Src/dma.o
 .debug_macro   0x0000000000017d1d       0xb5 ./Core/Src/dma.o
 .debug_macro   0x0000000000017dd2       0xac ./Core/Src/dma.o
 .debug_macro   0x0000000000017e7e      0x1d0 ./Core/Src/gpio.o
 .debug_macro   0x000000000001804e      0x1d0 ./Core/Src/i2c.o
 .debug_macro   0x000000000001821e      0x383 ./Core/Src/main.o
 .debug_macro   0x00000000000185a1       0x61 ./Core/Src/main.o
 .debug_macro   0x0000000000018602       0x24 ./Core/Src/main.o
 .debug_macro   0x0000000000018626       0x43 ./Core/Src/main.o
 .debug_macro   0x0000000000018669       0x34 ./Core/Src/main.o
 .debug_macro   0x000000000001869d       0x16 ./Core/Src/main.o
 .debug_macro   0x00000000000186b3       0x35 ./Core/Src/main.o
 .debug_macro   0x00000000000186e8      0x369 ./Core/Src/main.o
 .debug_macro   0x0000000000018a51       0x10 ./Core/Src/main.o
 .debug_macro   0x0000000000018a61       0x16 ./Core/Src/main.o
 .debug_macro   0x0000000000018a77       0x43 ./Core/Src/main.o
 .debug_macro   0x0000000000018aba       0x34 ./Core/Src/main.o
 .debug_macro   0x0000000000018aee       0x10 ./Core/Src/main.o
 .debug_macro   0x0000000000018afe       0x58 ./Core/Src/main.o
 .debug_macro   0x0000000000018b56       0x8e ./Core/Src/main.o
 .debug_macro   0x0000000000018be4       0x1c ./Core/Src/main.o
 .debug_macro   0x0000000000018c00      0x177 ./Core/Src/main.o
 .debug_macro   0x0000000000018d77       0x16 ./Core/Src/main.o
 .debug_macro   0x0000000000018d8d       0x16 ./Core/Src/main.o
 .debug_macro   0x0000000000018da3      0x147 ./Core/Src/main.o
 .debug_macro   0x0000000000018eea       0x16 ./Core/Src/main.o
 .debug_macro   0x0000000000018f00       0x20 ./Core/Src/main.o
 .debug_macro   0x0000000000018f20       0x16 ./Core/Src/main.o
 .debug_macro   0x0000000000018f36       0x16 ./Core/Src/main.o
 .debug_macro   0x0000000000018f4c       0x29 ./Core/Src/main.o
 .debug_macro   0x0000000000018f75       0x22 ./Core/Src/main.o
 .debug_macro   0x0000000000018f97      0x32f ./Core/Src/sensors.o
 .debug_macro   0x00000000000192c6       0x10 ./Core/Src/sensors.o
 .debug_macro   0x00000000000192d6       0x1c ./Core/Src/sensors.o
 .debug_macro   0x00000000000192f2       0x1c ./Core/Src/sensors.o
 .debug_macro   0x000000000001930e       0x56 ./Core/Src/sensors.o
 .debug_macro   0x0000000000019364      0x1d0 ./Core/Src/spi.o
 .debug_macro   0x0000000000019534      0x33b ./Core/Src/spi_handler.o
 .debug_macro   0x000000000001986f      0x1c6 ./Core/Src/stm32f1xx_hal_msp.o
 .debug_macro   0x0000000000019a35      0x1d0 ./Core/Src/stm32f1xx_it.o
 .debug_macro   0x0000000000019c05       0xff ./Core/Src/sysmem.o
 .debug_macro   0x0000000000019d04      0x23c ./Core/Src/sysmem.o
 .debug_macro   0x0000000000019f40      0x1b7 ./Core/Src/system_stm32f1xx.o
 .debug_macro   0x000000000001a0f7      0x31b ./Core/Src/tim.o
 .debug_macro   0x000000000001a412      0x31b ./Core/Src/usart.o
 .debug_macro   0x000000000001a72d      0x1db ./Drivers/STM32F1xx_HAL_Driver/Src/stm32f1xx_hal.o
 .debug_macro   0x000000000001a908      0x1b7 ./Drivers/STM32F1xx_HAL_Driver/Src/stm32f1xx_hal_cortex.o
 .debug_macro   0x000000000001aabf      0x1b7 ./Drivers/STM32F1xx_HAL_Driver/Src/stm32f1xx_hal_dma.o
 .debug_macro   0x000000000001ac76      0x222 ./Drivers/STM32F1xx_HAL_Driver/Src/stm32f1xx_hal_gpio.o
 .debug_macro   0x000000000001ae98      0x205 ./Drivers/STM32F1xx_HAL_Driver/Src/stm32f1xx_hal_i2c.o
 .debug_macro   0x000000000001b09d      0x1c9 ./Drivers/STM32F1xx_HAL_Driver/Src/stm32f1xx_hal_rcc.o
 .debug_macro   0x000000000001b266      0x1bf ./Drivers/STM32F1xx_HAL_Driver/Src/stm32f1xx_hal_spi.o
 .debug_macro   0x000000000001b425      0x1b8 ./Drivers/STM32F1xx_HAL_Driver/Src/stm32f1xx_hal_tim.o
 .debug_macro   0x000000000001b5dd      0x1b7 ./Drivers/STM32F1xx_HAL_Driver/Src/stm32f1xx_hal_tim_ex.o
 .debug_macro   0x000000000001b794      0x1b8 ./Drivers/STM32F1xx_HAL_Driver/Src/stm32f1xx_hal_uart.o

.debug_line     0x0000000000000000    0x18382
 .debug_line    0x0000000000000000      0x730 ./Core/Src/dma.o
 .debug_line    0x0000000000000730      0x769 ./Core/Src/gpio.o
 .debug_line    0x0000000000000e99      0x798 ./Core/Src/i2c.o
 .debug_line    0x0000000000001631      0xaba ./Core/Src/main.o
 .debug_line    0x00000000000020eb      0xca7 ./Core/Src/sensors.o
 .debug_line    0x0000000000002d92      0x826 ./Core/Src/spi.o
 .debug_line    0x00000000000035b8      0x966 ./Core/Src/spi_handler.o
 .debug_line    0x0000000000003f1e      0x734 ./Core/Src/stm32f1xx_hal_msp.o
 .debug_line    0x0000000000004652      0x86d ./Core/Src/stm32f1xx_it.o
 .debug_line    0x0000000000004ebf      0x583 ./Core/Src/sysmem.o
 .debug_line    0x0000000000005442      0x7b1 ./Core/Src/system_stm32f1xx.o
 .debug_line    0x0000000000005bf3      0xa42 ./Core/Src/tim.o
 .debug_line    0x0000000000006635      0xa4d ./Core/Src/usart.o
 .debug_line    0x0000000000007082       0x79 ./Core/Startup/startup_stm32f103retx.o
 .debug_line    0x00000000000070fb      0x9de ./Drivers/STM32F1xx_HAL_Driver/Src/stm32f1xx_hal.o
 .debug_line    0x0000000000007ad9      0xbc6 ./Drivers/STM32F1xx_HAL_Driver/Src/stm32f1xx_hal_cortex.o
 .debug_line    0x000000000000869f     0x1309 ./Drivers/STM32F1xx_HAL_Driver/Src/stm32f1xx_hal_dma.o
 .debug_line    0x00000000000099a8      0xa9f ./Drivers/STM32F1xx_HAL_Driver/Src/stm32f1xx_hal_gpio.o
 .debug_line    0x000000000000a447     0x3b55 ./Drivers/STM32F1xx_HAL_Driver/Src/stm32f1xx_hal_i2c.o
 .debug_line    0x000000000000df9c      0xde7 ./Drivers/STM32F1xx_HAL_Driver/Src/stm32f1xx_hal_rcc.o
 .debug_line    0x000000000000ed83     0x1c66 ./Drivers/STM32F1xx_HAL_Driver/Src/stm32f1xx_hal_spi.o
 .debug_line    0x00000000000109e9     0x36ea ./Drivers/STM32F1xx_HAL_Driver/Src/stm32f1xx_hal_tim.o
 .debug_line    0x00000000000140d3     0x19a3 ./Drivers/STM32F1xx_HAL_Driver/Src/stm32f1xx_hal_tim_ex.o
 .debug_line    0x0000000000015a76     0x290c ./Drivers/STM32F1xx_HAL_Driver/Src/stm32f1xx_hal_uart.o

.debug_str      0x0000000000000000    0x9d312
 .debug_str     0x0000000000000000    0x947fd ./Core/Src/dma.o
                                      0x94cae (size before relaxing)
 .debug_str     0x00000000000947fd       0xbe ./Core/Src/gpio.o
                                      0x9496c (size before relaxing)
 .debug_str     0x00000000000948bb      0x49a ./Core/Src/i2c.o
                                      0x94e26 (size before relaxing)
 .debug_str     0x0000000000094d55     0x41e9 ./Core/Src/main.o
                                      0x98db9 (size before relaxing)
 .debug_str     0x0000000000098f3e      0x44e ./Core/Src/sensors.o
                                      0x98ae8 (size before relaxing)
 .debug_str     0x000000000009938c       0x4b ./Core/Src/spi.o
                                      0x94d96 (size before relaxing)
 .debug_str     0x00000000000993d7       0x59 ./Core/Src/spi_handler.o
                                      0x98775 (size before relaxing)
 .debug_str     0x0000000000099430       0x5a ./Core/Src/stm32f1xx_hal_msp.o
                                      0x948f4 (size before relaxing)
 .debug_str     0x000000000009948a      0x169 ./Core/Src/stm32f1xx_it.o
                                      0x950c2 (size before relaxing)
 .debug_str     0x00000000000995f3      0x4dc ./Core/Src/sysmem.o
                                       0x6005 (size before relaxing)
 .debug_str     0x0000000000099acf       0x7e ./Core/Src/system_stm32f1xx.o
                                      0x94675 (size before relaxing)
 .debug_str     0x0000000000099b4d      0x1a6 ./Core/Src/tim.o
                                      0x98c9f (size before relaxing)
 .debug_str     0x0000000000099cf3       0xaa ./Core/Src/usart.o
                                      0x98b55 (size before relaxing)
 .debug_str     0x0000000000099d9d       0x34 ./Core/Startup/startup_stm32f103retx.o
                                         0x6f (size before relaxing)
 .debug_str     0x0000000000099dd1      0x37a ./Drivers/STM32F1xx_HAL_Driver/Src/stm32f1xx_hal.o
                                      0x94e8c (size before relaxing)
 .debug_str     0x000000000009a14b      0x28a ./Drivers/STM32F1xx_HAL_Driver/Src/stm32f1xx_hal_cortex.o
                                      0x94dd8 (size before relaxing)
 .debug_str     0x000000000009a3d5      0x206 ./Drivers/STM32F1xx_HAL_Driver/Src/stm32f1xx_hal_dma.o
                                      0x94a1e (size before relaxing)
 .debug_str     0x000000000009a5db      0x2ce ./Drivers/STM32F1xx_HAL_Driver/Src/stm32f1xx_hal_gpio.o
                                      0x949fb (size before relaxing)
 .debug_str     0x000000000009a8a9      0xba1 ./Drivers/STM32F1xx_HAL_Driver/Src/stm32f1xx_hal_i2c.o
                                      0x9573c (size before relaxing)
 .debug_str     0x000000000009b44a      0x209 ./Drivers/STM32F1xx_HAL_Driver/Src/stm32f1xx_hal_rcc.o
                                      0x94aa4 (size before relaxing)
 .debug_str     0x000000000009b653      0x4fd ./Drivers/STM32F1xx_HAL_Driver/Src/stm32f1xx_hal_spi.o
                                      0x94fa7 (size before relaxing)
 .debug_str     0x000000000009bb50      0xd9d ./Drivers/STM32F1xx_HAL_Driver/Src/stm32f1xx_hal_tim.o
                                      0x95a96 (size before relaxing)
 .debug_str     0x000000000009c8ed      0x493 ./Drivers/STM32F1xx_HAL_Driver/Src/stm32f1xx_hal_tim_ex.o
                                      0x952b2 (size before relaxing)
 .debug_str     0x000000000009cd80      0x592 ./Drivers/STM32F1xx_HAL_Driver/Src/stm32f1xx_hal_uart.o
                                      0x95115 (size before relaxing)

.debug_frame    0x0000000000000000     0x4fd8
 .debug_frame   0x0000000000000000       0x34 ./Core/Src/dma.o
 .debug_frame   0x0000000000000034       0x34 ./Core/Src/gpio.o
 .debug_frame   0x0000000000000068       0x74 ./Core/Src/i2c.o
 .debug_frame   0x00000000000000dc       0x6c ./Core/Src/main.o
 .debug_frame   0x0000000000000148      0x29c ./Core/Src/sensors.o
 .debug_frame   0x00000000000003e4       0x90 ./Core/Src/spi.o
 .debug_frame   0x0000000000000474       0x7c ./Core/Src/spi_handler.o
 .debug_frame   0x00000000000004f0       0x38 ./Core/Src/stm32f1xx_hal_msp.o
 .debug_frame   0x0000000000000528      0x190 ./Core/Src/stm32f1xx_it.o
 .debug_frame   0x00000000000006b8       0x34 ./Core/Src/sysmem.o
 .debug_frame   0x00000000000006ec       0x58 ./Core/Src/system_stm32f1xx.o
 .debug_frame   0x0000000000000744       0xec ./Core/Src/tim.o
 .debug_frame   0x0000000000000830       0xdc ./Core/Src/usart.o
 .debug_frame   0x000000000000090c      0x334 ./Drivers/STM32F1xx_HAL_Driver/Src/stm32f1xx_hal.o
 .debug_frame   0x0000000000000c40      0x428 ./Drivers/STM32F1xx_HAL_Driver/Src/stm32f1xx_hal_cortex.o
 .debug_frame   0x0000000000001068      0x20c ./Drivers/STM32F1xx_HAL_Driver/Src/stm32f1xx_hal_dma.o
 .debug_frame   0x0000000000001274      0x14c ./Drivers/STM32F1xx_HAL_Driver/Src/stm32f1xx_hal_gpio.o
 .debug_frame   0x00000000000013c0      0xc84 ./Drivers/STM32F1xx_HAL_Driver/Src/stm32f1xx_hal_i2c.o
 .debug_frame   0x0000000000002044      0x218 ./Drivers/STM32F1xx_HAL_Driver/Src/stm32f1xx_hal_rcc.o
 .debug_frame   0x000000000000225c      0x824 ./Drivers/STM32F1xx_HAL_Driver/Src/stm32f1xx_hal_spi.o
 .debug_frame   0x0000000000002a80     0x11bc ./Drivers/STM32F1xx_HAL_Driver/Src/stm32f1xx_hal_tim.o
 .debug_frame   0x0000000000003c3c      0x638 ./Drivers/STM32F1xx_HAL_Driver/Src/stm32f1xx_hal_tim_ex.o
 .debug_frame   0x0000000000004274      0x944 ./Drivers/STM32F1xx_HAL_Driver/Src/stm32f1xx_hal_uart.o
 .debug_frame   0x0000000000004bb8       0x30 C:/ST/STM32CubeIDE_1.14.0/STM32CubeIDE/plugins/com.st.stm32cube.ide.mcu.externaltools.gnu-tools-for-stm32.11.3.rel1.win32_1.1.100.202309141235/tools/bin/../lib/gcc/arm-none-eabi/11.3.1/../../../../arm-none-eabi/lib/thumb/v7-m/nofp\libc_nano.a(libc_a-malloc.o)
 .debug_frame   0x0000000000004be8       0x50 C:/ST/STM32CubeIDE_1.14.0/STM32CubeIDE/plugins/com.st.stm32cube.ide.mcu.externaltools.gnu-tools-for-stm32.11.3.rel1.win32_1.1.100.202309141235/tools/bin/../lib/gcc/arm-none-eabi/11.3.1/../../../../arm-none-eabi/lib/thumb/v7-m/nofp\libc_nano.a(libc_a-mallocr.o)
 .debug_frame   0x0000000000004c38       0x30 C:/ST/STM32CubeIDE_1.14.0/STM32CubeIDE/plugins/com.st.stm32cube.ide.mcu.externaltools.gnu-tools-for-stm32.11.3.rel1.win32_1.1.100.202309141235/tools/bin/../lib/gcc/arm-none-eabi/11.3.1/../../../../arm-none-eabi/lib/thumb/v7-m/nofp\libc_nano.a(libc_a-mlock.o)
 .debug_frame   0x0000000000004c68      0x144 C:/ST/STM32CubeIDE_1.14.0/STM32CubeIDE/plugins/com.st.stm32cube.ide.mcu.externaltools.gnu-tools-for-stm32.11.3.rel1.win32_1.1.100.202309141235/tools/bin/../lib/gcc/arm-none-eabi/11.3.1/../../../../arm-none-eabi/lib/thumb/v7-m/nofp\libc_nano.a(libc_a-findfp.o)
 .debug_frame   0x0000000000004dac       0x20 C:/ST/STM32CubeIDE_1.14.0/STM32CubeIDE/plugins/com.st.stm32cube.ide.mcu.externaltools.gnu-tools-for-stm32.11.3.rel1.win32_1.1.100.202309141235/tools/bin/../lib/gcc/arm-none-eabi/11.3.1/../../../../arm-none-eabi/lib/thumb/v7-m/nofp\libc_nano.a(libc_a-memset.o)
 .debug_frame   0x0000000000004dcc       0x38 C:/ST/STM32CubeIDE_1.14.0/STM32CubeIDE/plugins/com.st.stm32cube.ide.mcu.externaltools.gnu-tools-for-stm32.11.3.rel1.win32_1.1.100.202309141235/tools/bin/../lib/gcc/arm-none-eabi/11.3.1/../../../../arm-none-eabi/lib/thumb/v7-m/nofp\libc_nano.a(libc_a-reent.o)
 .debug_frame   0x0000000000004e04       0x2c C:/ST/STM32CubeIDE_1.14.0/STM32CubeIDE/plugins/com.st.stm32cube.ide.mcu.externaltools.gnu-tools-for-stm32.11.3.rel1.win32_1.1.100.202309141235/tools/bin/../lib/gcc/arm-none-eabi/11.3.1/../../../../arm-none-eabi/lib/thumb/v7-m/nofp\libc_nano.a(libc_a-sbrkr.o)
 .debug_frame   0x0000000000004e30       0x20 C:/ST/STM32CubeIDE_1.14.0/STM32CubeIDE/plugins/com.st.stm32cube.ide.mcu.externaltools.gnu-tools-for-stm32.11.3.rel1.win32_1.1.100.202309141235/tools/bin/../lib/gcc/arm-none-eabi/11.3.1/../../../../arm-none-eabi/lib/thumb/v7-m/nofp\libc_nano.a(libc_a-errno.o)
 .debug_frame   0x0000000000004e50       0x2c C:/ST/STM32CubeIDE_1.14.0/STM32CubeIDE/plugins/com.st.stm32cube.ide.mcu.externaltools.gnu-tools-for-stm32.11.3.rel1.win32_1.1.100.202309141235/tools/bin/../lib/gcc/arm-none-eabi/11.3.1/../../../../arm-none-eabi/lib/thumb/v7-m/nofp\libc_nano.a(libc_a-init.o)
 .debug_frame   0x0000000000004e7c       0xb0 C:/ST/STM32CubeIDE_1.14.0/STM32CubeIDE/plugins/com.st.stm32cube.ide.mcu.externaltools.gnu-tools-for-stm32.11.3.rel1.win32_1.1.100.202309141235/tools/bin/../lib/gcc/arm-none-eabi/11.3.1/../../../../arm-none-eabi/lib/thumb/v7-m/nofp\libc_nano.a(libc_a-lock.o)
 .debug_frame   0x0000000000004f2c       0x28 C:/ST/STM32CubeIDE_1.14.0/STM32CubeIDE/plugins/com.st.stm32cube.ide.mcu.externaltools.gnu-tools-for-stm32.11.3.rel1.win32_1.1.100.202309141235/tools/bin/../lib/gcc/arm-none-eabi/11.3.1/../../../../arm-none-eabi/lib/thumb/v7-m/nofp\libc_nano.a(libc_a-memcpy-stub.o)
 .debug_frame   0x0000000000004f54       0x4c C:/ST/STM32CubeIDE_1.14.0/STM32CubeIDE/plugins/com.st.stm32cube.ide.mcu.externaltools.gnu-tools-for-stm32.11.3.rel1.win32_1.1.100.202309141235/tools/bin/../lib/gcc/arm-none-eabi/11.3.1/thumb/v7-m/nofp\libgcc.a(_arm_addsubsf3.o)
 .debug_frame   0x0000000000004fa0       0x38 C:/ST/STM32CubeIDE_1.14.0/STM32CubeIDE/plugins/com.st.stm32cube.ide.mcu.externaltools.gnu-tools-for-stm32.11.3.rel1.win32_1.1.100.202309141235/tools/bin/../lib/gcc/arm-none-eabi/11.3.1/thumb/v7-m/nofp\libgcc.a(_arm_muldivsf3.o)

.debug_line_str
                0x0000000000000000       0x63
 .debug_line_str
                0x0000000000000000       0x63 ./Core/Startup/startup_stm32f103retx.o
                                         0x7b (size before relaxing)
