../Core/Src/sensors.c:14:6:writeToRegister	16	static
../Core/Src/sensors.c:19:8:sensor_init	240	static
../Core/Src/sensors.c:77:6:sensor_power_off	8	static
../Core/Src/sensors.c:81:6:sensor_power_on	8	static
../Core/Src/sensors.c:84:6:deactivateSCLR	8	static
../Core/Src/sensors.c:90:9:calc_crc	40	static
../Core/Src/sensors.c:116:10:read_register	24	static
../Core/Src/sensors.c:158:10:registersAreSet	16	static
../Core/Src/sensors.c:168:6:read_test_reg	24	static
../Core/Src/sensors.c:179:6:device_config	24	static
../Core/Src/sensors.c:190:6:sensor_config	24	static
../Core/Src/sensors.c:205:6:system_config	24	static
../Core/Src/sensors.c:216:6:select_sensor	24	static
../Core/Src/sensors.c:223:6:deselect_sensor	16	static
../Core/Src/sensors.c:230:6:set_sh_reg_OE	16	static
../Core/Src/sensors.c:234:6:measuringLED	8	static
../Core/Src/sensors.c:238:6:errorLED	8	static
../Core/Src/sensors.c:243:6:statusLED	8	static
../Core/Src/sensors.c:247:6:read_sensor_data	32	static
